[luminarybrands.co.uk/index.html]
[backblue.gif]
[fade.gif]
[index.html]
[luminarybrands.co.uk/wp-content/themes/luminarybrands/dist/main.min.css]
[luminarybrands.co.uk/wp-content/uploads/2024/08/Luminary-1200x675px.png]
[luminarybrands.co.uk/wp-includes/css/dist/block-library/style.min0899.css]
[luminarybrands.co.uk/wp-content/themes/luminarybrands/style.css]
[cdn-cookieyes.com/client_data/937f9f74ea7d06669e93c41b/script.js]
[luminarybrands.co.uk/wp-content/uploads/2024/08/cropped-favicon_512х512-192x192.png]
[luminarybrands.co.uk/wp-content/uploads/2024/05/Logo-dark.webp]
[luminarybrands.co.uk/case-studies/index.html]
[luminarybrands.co.uk/wp-content/uploads/2024/05/icon-Brand-identity.svg]
[luminarybrands.co.uk/services/branding/identity/index.html]
[luminarybrands.co.uk/services/branding/index.html]
[luminarybrands.co.uk/wp-content/uploads/2024/05/icon-Brand-strategy.svg]
[luminarybrands.co.uk/wp-content/uploads/2024/05/icon-Rebranding.svg]
[luminarybrands.co.uk/services/branding/strategy/index.html]
[luminarybrands.co.uk/services/branding/rebranding/index.html]
[luminarybrands.co.uk/wp-content/uploads/2024/05/icon-Web-design.svg]
[luminarybrands.co.uk/services/design/index.html]
[luminarybrands.co.uk/wp-content/uploads/2024/05/icon-UI-UX-design.svg]
[luminarybrands.co.uk/services/design/ui-ux/index.html]
[luminarybrands.co.uk/wp-content/uploads/2024/05/icon-Graphic-design.svg]
[luminarybrands.co.uk/services/design/web/index.html]
[luminarybrands.co.uk/wp-content/uploads/2024/05/icon-Web-development.svg]
[luminarybrands.co.uk/services/design/graphic/index.html]
[luminarybrands.co.uk/services/development/custom/index.html]
[luminarybrands.co.uk/wp-content/uploads/2024/05/icon-Wordpress-development.svg]
[luminarybrands.co.uk/services/development/index.html]
[luminarybrands.co.uk/wp-content/uploads/2024/05/icon-Ecommerce-development.svg]
[luminarybrands.co.uk/services/development/wordpress/index.html]
[luminarybrands.co.uk/wp-content/uploads/2024/05/Luminary-brands-company-scaled.webp]
[luminarybrands.co.uk/blog/index.html]
[luminarybrands.co.uk/about-us/index.html]
[luminarybrands.co.uk/services/development/ecommerce/index.html]
[luminarybrands.co.uk/wp-content/uploads/2024/08/Luminary-brands-creative-company.webp]
[luminarybrands.co.uk/contact-us/index.html]
[luminarybrands.co.uk/wp-content/uploads/2024/05/logo-impltech.svg]
[luminarybrands.co.uk/wp-content/uploads/2024/05/logo-Nexte.svg]
[luminarybrands.co.uk/wp-content/uploads/2024/07/logo-biberstein.svg]
[luminarybrands.co.uk/wp-content/uploads/2024/07/logo-IQ-fairprofit.svg]
[luminarybrands.co.uk/wp-content/uploads/2024/07/logo-refuture.svg]
[luminarybrands.co.uk/wp-content/uploads/2024/07/logo-phillips-66.svg]
[luminarybrands.co.uk/wp-content/uploads/2024/07/logo-wir-wirken.svg]
[luminarybrands.co.uk/wp-content/uploads/2024/07/logo-wildwood.svg]
[luminarybrands.co.uk/wp-content/uploads/2024/07/logo-scented-harmony.svg]
[luminarybrands.co.uk/wp-content/uploads/2024/07/logo-lucent.svg]
[luminarybrands.co.uk/wp-content/uploads/2024/07/logo-herbzen.svg]
[luminarybrands.co.uk/wp-content/uploads/2024/07/logo-lamelo.svg]
[luminarybrands.co.uk/wp-content/uploads/2024/07/logo-esteria.svg]
[luminarybrands.co.uk/wp-content/uploads/2024/07/logo-park-medical-group.svg]
[luminarybrands.co.uk/wp-content/uploads/2024/05/Branding-service.webp]
[luminarybrands.co.uk/wp-content/uploads/2024/08/Branding-service-1.webp]
[luminarybrands.co.uk/wp-content/uploads/2024/05/Design-service.webp]
[luminarybrands.co.uk/wp-content/uploads/2024/08/Design-service-1.webp]
[luminarybrands.co.uk/wp-content/uploads/2024/05/Development-service.webp]
[luminarybrands.co.uk/wp-content/uploads/2024/08/Development-service-1.webp]
[luminarybrands.co.uk/wp-content/themes/luminarybrands/svg/arrow-switch.svg]
[luminarybrands.co.uk/wp-content/uploads/2024/05/Thing-Beauty.webp]
[luminarybrands.co.uk/wp-content/uploads/2024/05/Thing-Trust.webp]
[luminarybrands.co.uk/wp-content/uploads/2024/05/Thing-Impact.webp]
[luminarybrands.co.uk/wp-content/uploads/2024/04/Impltech-card.webp]
[luminarybrands.co.uk/wp-content/uploads/2024/06/Phillips-66-card.webp]
[luminarybrands.co.uk/wp-content/uploads/2024/06/Esteria-card.webp]
[luminarybrands.co.uk/wp-content/uploads/2024/07/Lucent-card.webp]
[luminarybrands.co.uk/wp-content/uploads/2024/04/Nexte-card.webp]
[luminarybrands.co.uk/wp-content/uploads/2024/06/WildWood-card.webp]
[luminarybrands.co.uk/case-studies/impltech/index.html]
[luminarybrands.co.uk/wp-content/uploads/2024/08/Theodore-Yuriev-1.webp]
[luminarybrands.co.uk/wp-content/uploads/2024/08/Theodore-Yuriev-1-1.webp]
[luminarybrands.co.uk/case-studies/phillips-66/index.html]
[luminarybrands.co.uk/case-studies/esteria/index.html]
[luminarybrands.co.uk/case-studies/lucent/index.html]
[luminarybrands.co.uk/case-studies/nexte/index.html]
[luminarybrands.co.uk/case-studies/wildwood/index.html]
[luminarybrands.co.uk/wp-content/uploads/2024/05/award_4.webp]
[luminarybrands.co.uk/wp-content/uploads/2024/05/award_2.webp]
[luminarybrands.co.uk/wp-content/uploads/2024/05/award_8.webp]
[luminarybrands.co.uk/wp-content/uploads/2024/05/award_6.webp]
[luminarybrands.co.uk/wp-content/uploads/2024/08/person-1.webp]
[luminarybrands.co.uk/wp-content/uploads/2024/08/person-2.webp]
[luminarybrands.co.uk/wp-content/uploads/2024/08/person-3.webp]
[luminarybrands.co.uk/wp-content/uploads/2024/08/person-4.webp]
[luminarybrands.co.uk/wp-content/uploads/2024/08/person-5.webp]
[luminarybrands.co.uk/wp-content/uploads/2024/08/Kate-Anderson.webp]
[luminarybrands.co.uk/wp-content/uploads/2024/08/Theodore-Yuriev.webp]
[luminarybrands.co.uk/wp-content/themes/luminarybrands/svg/united-kingdom-flag.webp]
[luminarybrands.co.uk/wp-content/uploads/2024/09/Top-Branding-Agency.svg]
[luminarybrands.co.uk/privacy-policy/index.html]
[luminarybrands.co.uk/wp-content/uploads/2024/05/iconLinkedin.svg]
[luminarybrands.co.uk/wp-content/uploads/2024/05/iconFacebook.svg]
[luminarybrands.co.uk/wp-content/themes/luminarybrands/js/SplitType846a.js]
[luminarybrands.co.uk/index.html]
[luminarybrands.co.uk/wp-content/plugins/wp-rocket/assets/js/lazyload/17.5/lazyload.min.js]
[luminarybrands.co.uk/wp-content/themes/luminarybrands/dist/main.min5d00.js]
[luminarybrands.co.uk/wp-content/themes/luminarybrands/dist/fonts/Graphik/Graphik-Regular.woff2]
[luminarybrands.co.uk/wp-content/themes/luminarybrands/dist/fonts/Graphik/Graphik-Regulard41d.eot]
[luminarybrands.co.uk/wp-content/themes/luminarybrands/dist/fonts/Graphik/Graphik-Regular.woff]
[luminarybrands.co.uk/wp-content/themes/luminarybrands/dist/fonts/Graphik/Graphik-Regular.ttf]
[luminarybrands.co.uk/wp-content/themes/luminarybrands/dist/fonts/Graphik/Graphik-Bold.woff2]
[luminarybrands.co.uk/wp-content/themes/luminarybrands/dist/fonts/Graphik/Graphik-Boldd41d.eot]
[luminarybrands.co.uk/wp-content/themes/luminarybrands/dist/fonts/Graphik/Graphik-Bold.woff]
[luminarybrands.co.uk/wp-content/themes/luminarybrands/dist/fonts/Graphik/Graphik-Bold.ttf]
[luminarybrands.co.uk/wp-content/themes/luminarybrands/dist/fonts/Graphik/Graphik-Black.woff2]
[luminarybrands.co.uk/wp-content/themes/luminarybrands/dist/fonts/Graphik/Graphik-Black.woff]
[luminarybrands.co.uk/wp-content/themes/luminarybrands/dist/fonts/Graphik/Graphik-Blackd41d.eot]
[luminarybrands.co.uk/wp-content/themes/luminarybrands/dist/fonts/Graphik/Graphik-Black.ttf]
[luminarybrands.co.uk/wp-content/themes/luminarybrands/dist/fonts/Graphik/Graphik-Light.woff2]
[luminarybrands.co.uk/wp-content/themes/luminarybrands/dist/fonts/Graphik/Graphik-Light.woff]
[luminarybrands.co.uk/wp-content/themes/luminarybrands/dist/fonts/Graphik/Graphik-Lightd41d.eot]
[luminarybrands.co.uk/wp-content/themes/luminarybrands/dist/fonts/Graphik/Graphik-Light.ttf]
[luminarybrands.co.uk/wp-content/themes/luminarybrands/dist/fonts/Graphik/Graphik-Semibold.woff2]
[luminarybrands.co.uk/wp-content/themes/luminarybrands/dist/fonts/Graphik/Graphik-Semiboldd41d.eot]
[luminarybrands.co.uk/wp-content/themes/luminarybrands/dist/fonts/Graphik/Graphik-Semibold.woff]
[luminarybrands.co.uk/wp-content/themes/luminarybrands/dist/fonts/Graphik/Graphik-Semibold.ttf]
[luminarybrands.co.uk/wp-content/themes/luminarybrands/dist/fonts/Graphik/Graphik-Medium.woff2]
[luminarybrands.co.uk/wp-content/themes/luminarybrands/dist/fonts/Graphik/Graphik-Mediumd41d.eot]
[luminarybrands.co.uk/wp-content/themes/luminarybrands/dist/fonts/Graphik/Graphik-Medium.woff]
[luminarybrands.co.uk/wp-content/themes/luminarybrands/dist/fonts/Graphik/Graphik-Medium.ttf]
[luminarybrands.co.uk/wp-content/themes/luminarybrands/dist/fonts/Graphik/Graphik-MediumItalic.woff2]
[luminarybrands.co.uk/wp-content/themes/luminarybrands/dist/fonts/Graphik/Graphik-MediumItalic.woff]
[luminarybrands.co.uk/wp-content/themes/luminarybrands/dist/fonts/Graphik/Graphik-MediumItalicd41d.eot]
[luminarybrands.co.uk/wp-content/themes/luminarybrands/dist/fonts/Graphik/Graphik-MediumItalic.ttf]
[luminarybrands.co.uk/wp-content/themes/luminarybrands/dist/fonts/Graphik/Graphik-BlackItalic.woff2]
[luminarybrands.co.uk/wp-content/themes/luminarybrands/dist/fonts/Graphik/Graphik-BlackItalicd41d.eot]
[luminarybrands.co.uk/wp-content/themes/luminarybrands/dist/fonts/Graphik/Graphik-BlackItalic.woff]
[luminarybrands.co.uk/wp-content/themes/luminarybrands/dist/fonts/Graphik/Graphik-BlackItalic.ttf]
[luminarybrands.co.uk/wp-content/themes/luminarybrands/dist/fonts/Graphik/Graphik-RegularItalic.woff2]
[luminarybrands.co.uk/wp-content/themes/luminarybrands/dist/fonts/Graphik/Graphik-RegularItalicd41d.eot]
[luminarybrands.co.uk/wp-content/themes/luminarybrands/dist/fonts/Graphik/Graphik-RegularItalic.woff]
[luminarybrands.co.uk/wp-content/themes/luminarybrands/dist/fonts/Graphik/Graphik-RegularItalic.ttf]
[luminarybrands.co.uk/wp-content/themes/luminarybrands/dist/fonts/Graphik/Graphik-SemiboldItalic.woff2]
[luminarybrands.co.uk/wp-content/themes/luminarybrands/dist/fonts/Graphik/Graphik-SemiboldItalicd41d.eot]
[luminarybrands.co.uk/wp-content/themes/luminarybrands/dist/fonts/Graphik/Graphik-SemiboldItalic.woff]
[luminarybrands.co.uk/wp-content/themes/luminarybrands/dist/fonts/Graphik/Graphik-SemiboldItalic.ttf]
[luminarybrands.co.uk/wp-content/themes/luminarybrands/dist/fonts/Graphik/Graphik-BoldItalic.woff2]
[luminarybrands.co.uk/wp-content/themes/luminarybrands/dist/fonts/Graphik/Graphik-BoldItalicd41d.eot]
[luminarybrands.co.uk/wp-content/themes/luminarybrands/dist/fonts/Graphik/Graphik-BoldItalic.woff]
[luminarybrands.co.uk/wp-content/themes/luminarybrands/dist/fonts/Graphik/Graphik-BoldItalic.ttf]
[luminarybrands.co.uk/wp-content/themes/luminarybrands/dist/fonts/Graphik/Graphik-LightItalic.woff2]
[luminarybrands.co.uk/wp-content/themes/luminarybrands/dist/fonts/Graphik/Graphik-LightItalicd41d.eot]
[luminarybrands.co.uk/wp-content/themes/luminarybrands/dist/fonts/Graphik/Graphik-LightItalic.woff]
[luminarybrands.co.uk/wp-content/themes/luminarybrands/dist/fonts/Graphik/Graphik-LightItalic.ttf]
[luminarybrands.co.uk/wp-content/themes/luminarybrands/dist/fonts/Graphik/Graphik-Thin.woff2]
[luminarybrands.co.uk/wp-content/themes/luminarybrands/dist/fonts/Graphik/Graphik-Thind41d.eot]
[luminarybrands.co.uk/wp-content/themes/luminarybrands/dist/fonts/Graphik/Graphik-Thin.woff]
[luminarybrands.co.uk/wp-content/themes/luminarybrands/dist/fonts/Graphik/Graphik-Thin.ttf]
[luminarybrands.co.uk/wp-content/themes/luminarybrands/dist/fonts/Graphik/Graphik-ThinItalic.woff2]
[luminarybrands.co.uk/wp-content/themes/luminarybrands/dist/fonts/Graphik/Graphik-ThinItalicd41d.eot]
[luminarybrands.co.uk/wp-content/themes/luminarybrands/dist/fonts/Graphik/Graphik-ThinItalic.woff]
[luminarybrands.co.uk/wp-content/themes/luminarybrands/dist/fonts/Graphik/Graphik-ThinItalic.ttf]
[luminarybrands.co.uk/wp-content/themes/luminarybrands/dist/fonts/Inter/Inter-BoldItalicd41d.eot]
[luminarybrands.co.uk/wp-content/themes/luminarybrands/dist/fonts/Inter/Inter-BoldItalic.eot]
[luminarybrands.co.uk/wp-content/themes/luminarybrands/dist/fonts/Inter/Inter-BoldItalic.woff2]
[luminarybrands.co.uk/wp-content/themes/luminarybrands/dist/fonts/Inter/Inter-BoldItalic.woff]
[luminarybrands.co.uk/wp-content/themes/luminarybrands/dist/fonts/Inter/Inter-BoldItalic.ttf]
[luminarybrands.co.uk/wp-content/themes/luminarybrands/dist/fonts/Inter/Inter-MediumItalic.eot]
[luminarybrands.co.uk/wp-content/themes/luminarybrands/dist/fonts/Inter/Inter-MediumItalicd41d.eot]
[luminarybrands.co.uk/wp-content/themes/luminarybrands/dist/fonts/Inter/Inter-MediumItalic.woff2]
[luminarybrands.co.uk/wp-content/themes/luminarybrands/dist/fonts/Inter/Inter-MediumItalic.woff]
[luminarybrands.co.uk/wp-content/themes/luminarybrands/dist/fonts/Inter/Inter-MediumItalic.ttf]
[luminarybrands.co.uk/wp-content/themes/luminarybrands/dist/fonts/Inter/Inter-ThinItalicBETA.eot]
[luminarybrands.co.uk/wp-content/themes/luminarybrands/dist/fonts/Inter/Inter-ThinItalicBETA.woff2]
[luminarybrands.co.uk/wp-content/themes/luminarybrands/dist/fonts/Inter/Inter-ThinItalicBETAd41d.eot]
[luminarybrands.co.uk/wp-content/themes/luminarybrands/dist/fonts/Inter/Inter-ThinItalicBETA.woff]
[luminarybrands.co.uk/wp-content/themes/luminarybrands/dist/fonts/Inter/Inter-ThinItalicBETA.ttf]
[luminarybrands.co.uk/wp-content/themes/luminarybrands/dist/fonts/Inter/Inter-Regular.eot]
[luminarybrands.co.uk/wp-content/themes/luminarybrands/dist/fonts/Inter/Inter-Regulard41d.eot]
[luminarybrands.co.uk/wp-content/themes/luminarybrands/dist/fonts/Inter/Inter-Regular.woff2]
[luminarybrands.co.uk/wp-content/themes/luminarybrands/dist/fonts/Inter/Inter-Regular.woff]
[luminarybrands.co.uk/wp-content/themes/luminarybrands/dist/fonts/Inter/Inter-Regular.ttf]
[luminarybrands.co.uk/wp-content/themes/luminarybrands/dist/fonts/Inter/Inter-Black.woff2]
[luminarybrands.co.uk/wp-content/themes/luminarybrands/dist/fonts/Inter/Inter-Black.eot]
[luminarybrands.co.uk/wp-content/themes/luminarybrands/dist/fonts/Inter/Inter-Blackd41d.eot]
[luminarybrands.co.uk/wp-content/themes/luminarybrands/dist/fonts/Inter/Inter-Black.woff]
[luminarybrands.co.uk/wp-content/themes/luminarybrands/dist/fonts/Inter/Inter-Black.ttf]
[luminarybrands.co.uk/wp-content/themes/luminarybrands/dist/fonts/Inter/Inter-BlackItalicd41d.eot]
[luminarybrands.co.uk/wp-content/themes/luminarybrands/dist/fonts/Inter/Inter-BlackItalic.eot]
[luminarybrands.co.uk/wp-content/themes/luminarybrands/dist/fonts/Inter/Inter-BlackItalic.woff2]
[luminarybrands.co.uk/wp-content/themes/luminarybrands/dist/fonts/Inter/Inter-BlackItalic.woff]
[luminarybrands.co.uk/wp-content/themes/luminarybrands/dist/fonts/Inter/Inter-BlackItalic.ttf]
[luminarybrands.co.uk/wp-content/themes/luminarybrands/dist/fonts/Inter/Inter-LightBETA.eot]
[luminarybrands.co.uk/wp-content/themes/luminarybrands/dist/fonts/Inter/Inter-LightBETA.woff2]
[luminarybrands.co.uk/wp-content/themes/luminarybrands/dist/fonts/Inter/Inter-LightBETAd41d.eot]
[luminarybrands.co.uk/wp-content/themes/luminarybrands/dist/fonts/Inter/Inter-LightBETA.woff]
[luminarybrands.co.uk/wp-content/themes/luminarybrands/dist/fonts/Inter/Inter-LightBETA.ttf]
[luminarybrands.co.uk/wp-content/themes/luminarybrands/dist/fonts/Inter/Inter-SemiBold.eot]
[luminarybrands.co.uk/wp-content/themes/luminarybrands/dist/fonts/Inter/Inter-SemiBoldd41d.eot]
[luminarybrands.co.uk/wp-content/themes/luminarybrands/dist/fonts/Inter/Inter-SemiBold.woff2]
[luminarybrands.co.uk/wp-content/themes/luminarybrands/dist/fonts/Inter/Inter-SemiBold.woff]
[luminarybrands.co.uk/wp-content/themes/luminarybrands/dist/fonts/Inter/Inter-SemiBold.ttf]
[luminarybrands.co.uk/wp-content/themes/luminarybrands/dist/fonts/Inter/Inter-ExtraBoldItalic.eot]
[luminarybrands.co.uk/wp-content/themes/luminarybrands/dist/fonts/Inter/Inter-ExtraBoldItalic.woff2]
[luminarybrands.co.uk/wp-content/themes/luminarybrands/dist/fonts/Inter/Inter-ExtraBoldItalicd41d.eot]
[luminarybrands.co.uk/wp-content/themes/luminarybrands/dist/fonts/Inter/Inter-ExtraBoldItalic.woff]
[luminarybrands.co.uk/wp-content/themes/luminarybrands/dist/fonts/Inter/Inter-ExtraBoldItalic.ttf]
[luminarybrands.co.uk/wp-content/themes/luminarybrands/dist/fonts/Inter/Inter-Bold.eot]
[luminarybrands.co.uk/wp-content/themes/luminarybrands/dist/fonts/Inter/Inter-Boldd41d.eot]
[luminarybrands.co.uk/wp-content/themes/luminarybrands/dist/fonts/Inter/Inter-Bold.woff2]
[luminarybrands.co.uk/wp-content/themes/luminarybrands/dist/fonts/Inter/Inter-Bold.woff]
[luminarybrands.co.uk/wp-content/themes/luminarybrands/dist/fonts/Inter/Inter-Bold.ttf]
[luminarybrands.co.uk/wp-content/themes/luminarybrands/dist/fonts/Inter/Inter-ExtraLightItalicBETA.eot]
[luminarybrands.co.uk/wp-content/themes/luminarybrands/dist/fonts/Inter/Inter-ExtraLightItalicBETA.woff2]
[luminarybrands.co.uk/wp-content/themes/luminarybrands/dist/fonts/Inter/Inter-ExtraLightItalicBETAd41d.eot]
[luminarybrands.co.uk/wp-content/themes/luminarybrands/dist/fonts/Inter/Inter-ExtraLightItalicBETA.woff]
[luminarybrands.co.uk/wp-content/themes/luminarybrands/dist/fonts/Inter/Inter-ExtraLightItalicBETA.ttf]
[luminarybrands.co.uk/wp-content/themes/luminarybrands/dist/fonts/Inter/Inter-ExtraLightBETA.eot]
[luminarybrands.co.uk/wp-content/themes/luminarybrands/dist/fonts/Inter/Inter-ExtraLightBETA.woff2]
[luminarybrands.co.uk/wp-content/themes/luminarybrands/dist/fonts/Inter/Inter-ExtraLightBETAd41d.eot]
[luminarybrands.co.uk/wp-content/themes/luminarybrands/dist/fonts/Inter/Inter-ExtraLightBETA.woff]
[luminarybrands.co.uk/wp-content/themes/luminarybrands/dist/fonts/Inter/Inter-ExtraLightBETA.ttf]
[luminarybrands.co.uk/wp-content/themes/luminarybrands/dist/fonts/Inter/Inter-ExtraBold.eot]
[luminarybrands.co.uk/wp-content/themes/luminarybrands/dist/fonts/Inter/Inter-ExtraBold.woff2]
[luminarybrands.co.uk/wp-content/themes/luminarybrands/dist/fonts/Inter/Inter-ExtraBoldd41d.eot]
[luminarybrands.co.uk/wp-content/themes/luminarybrands/dist/fonts/Inter/Inter-ExtraBold.woff]
[luminarybrands.co.uk/wp-content/themes/luminarybrands/dist/fonts/Inter/Inter-ExtraBold.ttf]
[luminarybrands.co.uk/wp-content/themes/luminarybrands/dist/fonts/Inter/Inter-ThinBETA.eot]
[luminarybrands.co.uk/wp-content/themes/luminarybrands/dist/fonts/Inter/Inter-ThinBETAd41d.eot]
[luminarybrands.co.uk/wp-content/themes/luminarybrands/dist/fonts/Inter/Inter-ThinBETA.woff2]
[luminarybrands.co.uk/wp-content/themes/luminarybrands/dist/fonts/Inter/Inter-ThinBETA.woff]
[luminarybrands.co.uk/wp-content/themes/luminarybrands/dist/fonts/Inter/Inter-ThinBETA.ttf]
[luminarybrands.co.uk/wp-content/themes/luminarybrands/dist/fonts/Inter/Inter-LightItalicBETA.eot]
[luminarybrands.co.uk/wp-content/themes/luminarybrands/dist/fonts/Inter/Inter-LightItalicBETAd41d.eot]
[luminarybrands.co.uk/wp-content/themes/luminarybrands/dist/fonts/Inter/Inter-LightItalicBETA.woff2]
[luminarybrands.co.uk/wp-content/themes/luminarybrands/dist/fonts/Inter/Inter-LightItalicBETA.woff]
[luminarybrands.co.uk/wp-content/themes/luminarybrands/dist/fonts/Inter/Inter-LightItalicBETA.ttf]
[luminarybrands.co.uk/wp-content/themes/luminarybrands/dist/fonts/Inter/Inter-Italic.eot]
[luminarybrands.co.uk/wp-content/themes/luminarybrands/dist/fonts/Inter/Inter-Italic.woff2]
[luminarybrands.co.uk/wp-content/themes/luminarybrands/dist/fonts/Inter/Inter-Italicd41d.eot]
[luminarybrands.co.uk/wp-content/themes/luminarybrands/dist/fonts/Inter/Inter-Italic.woff]
[luminarybrands.co.uk/wp-content/themes/luminarybrands/dist/fonts/Inter/Inter-Italic.ttf]
[luminarybrands.co.uk/wp-content/themes/luminarybrands/dist/fonts/Inter/Inter-SemiBoldItalic.eot]
[luminarybrands.co.uk/wp-content/themes/luminarybrands/dist/fonts/Inter/Inter-SemiBoldItalic.woff2]
[luminarybrands.co.uk/wp-content/themes/luminarybrands/dist/fonts/Inter/Inter-SemiBoldItalic.woff]
[luminarybrands.co.uk/wp-content/themes/luminarybrands/dist/fonts/Inter/Inter-SemiBoldItalicd41d.eot]
[luminarybrands.co.uk/wp-content/themes/luminarybrands/dist/fonts/Inter/Inter-SemiBoldItalic.ttf]
[luminarybrands.co.uk/wp-content/themes/luminarybrands/dist/fonts/Inter/Inter-Medium.eot]
[luminarybrands.co.uk/wp-content/themes/luminarybrands/dist/fonts/Inter/Inter-Mediumd41d.eot]
[luminarybrands.co.uk/wp-content/themes/luminarybrands/dist/fonts/Inter/Inter-Medium.woff2]
[luminarybrands.co.uk/wp-content/themes/luminarybrands/dist/fonts/Inter/Inter-Medium.woff]
[luminarybrands.co.uk/wp-content/themes/luminarybrands/dist/fonts/Inter/Inter-Medium.ttf]
[luminarybrands.co.uk/wp-content/themes/luminarybrands/dist/fonts/Universal/Universal.eot]
[luminarybrands.co.uk/wp-content/themes/luminarybrands/dist/fonts/Universal/Universald41d.eot]
[luminarybrands.co.uk/wp-content/themes/luminarybrands/dist/fonts/Universal/Universal.woff2]
[luminarybrands.co.uk/wp-content/themes/luminarybrands/dist/fonts/Universal/Universal.woff]
[luminarybrands.co.uk/wp-content/themes/luminarybrands/dist/fonts/Universal/Universal.ttf]
[luminarybrands.co.uk/wp-content/themes/luminarybrands/dist/fonts/OverusedGrotesk/OverusedGrotesk-SemiBold.eot]
[luminarybrands.co.uk/wp-content/themes/luminarybrands/dist/fonts/OverusedGrotesk/OverusedGrotesk-SemiBoldd41d.eot]
[luminarybrands.co.uk/wp-content/themes/luminarybrands/dist/fonts/OverusedGrotesk/OverusedGrotesk-SemiBold.woff2]
[luminarybrands.co.uk/wp-content/themes/luminarybrands/dist/fonts/OverusedGrotesk/OverusedGrotesk-SemiBold.woff]
[luminarybrands.co.uk/wp-content/themes/luminarybrands/dist/fonts/OverusedGrotesk/OverusedGrotesk-SemiBold.ttf]
[luminarybrands.co.uk/wp-content/themes/luminarybrands/dist/fonts/OverusedGrotesk/OverusedGrotesk-Bold.eot]
[luminarybrands.co.uk/wp-content/themes/luminarybrands/dist/fonts/OverusedGrotesk/OverusedGrotesk-Boldd41d.eot]
[luminarybrands.co.uk/wp-content/themes/luminarybrands/dist/fonts/OverusedGrotesk/OverusedGrotesk-Bold.woff2]
[luminarybrands.co.uk/wp-content/themes/luminarybrands/dist/fonts/OverusedGrotesk/OverusedGrotesk-Bold.woff]
[luminarybrands.co.uk/wp-content/themes/luminarybrands/dist/fonts/OverusedGrotesk/OverusedGrotesk-Bold.ttf]
[luminarybrands.co.uk/wp-content/themes/luminarybrands/dist/fonts/OverusedGrotesk/OverusedGrotesk-Light.eot]
[luminarybrands.co.uk/wp-content/themes/luminarybrands/dist/fonts/OverusedGrotesk/OverusedGrotesk-Lightd41d.eot]
[luminarybrands.co.uk/wp-content/themes/luminarybrands/dist/fonts/OverusedGrotesk/OverusedGrotesk-Light.woff2]
[luminarybrands.co.uk/wp-content/themes/luminarybrands/dist/fonts/OverusedGrotesk/OverusedGrotesk-Light.woff]
[luminarybrands.co.uk/wp-content/themes/luminarybrands/dist/fonts/OverusedGrotesk/OverusedGrotesk-Light.ttf]
[luminarybrands.co.uk/wp-content/themes/luminarybrands/dist/fonts/OverusedGrotesk/OverusedGrotesk-Book.eot]
[luminarybrands.co.uk/wp-content/themes/luminarybrands/dist/fonts/OverusedGrotesk/OverusedGrotesk-Bookd41d.eot]
[luminarybrands.co.uk/wp-content/themes/luminarybrands/dist/fonts/OverusedGrotesk/OverusedGrotesk-Book.woff2]
[luminarybrands.co.uk/wp-content/themes/luminarybrands/dist/fonts/OverusedGrotesk/OverusedGrotesk-Book.woff]
[luminarybrands.co.uk/wp-content/themes/luminarybrands/dist/fonts/OverusedGrotesk/OverusedGrotesk-Book.ttf]
[luminarybrands.co.uk/wp-content/themes/luminarybrands/dist/fonts/OverusedGrotesk/OverusedGrotesk-Mediumd41d.eot]
[luminarybrands.co.uk/wp-content/themes/luminarybrands/dist/fonts/OverusedGrotesk/OverusedGrotesk-Medium.eot]
[luminarybrands.co.uk/wp-content/themes/luminarybrands/dist/fonts/OverusedGrotesk/OverusedGrotesk-Medium.woff2]
[luminarybrands.co.uk/wp-content/themes/luminarybrands/dist/fonts/OverusedGrotesk/OverusedGrotesk-Medium.woff]
[luminarybrands.co.uk/wp-content/themes/luminarybrands/dist/fonts/OverusedGrotesk/OverusedGrotesk-Medium.ttf]
[luminarybrands.co.uk/wp-content/themes/luminarybrands/dist/fonts/OverusedGrotesk/OverusedGrotesk-ExtraBold.eot]
[luminarybrands.co.uk/wp-content/themes/luminarybrands/dist/fonts/OverusedGrotesk/OverusedGrotesk-ExtraBold.woff2]
[luminarybrands.co.uk/wp-content/themes/luminarybrands/dist/fonts/OverusedGrotesk/OverusedGrotesk-ExtraBoldd41d.eot]
[luminarybrands.co.uk/wp-content/themes/luminarybrands/dist/fonts/OverusedGrotesk/OverusedGrotesk-ExtraBold.woff]
[luminarybrands.co.uk/wp-content/themes/luminarybrands/dist/fonts/OverusedGrotesk/OverusedGrotesk-ExtraBold.ttf]
[luminarybrands.co.uk/wp-content/themes/luminarybrands/dist/fonts/OverusedGrotesk/OverusedGrotesk-Regular.eot]
[luminarybrands.co.uk/wp-content/themes/luminarybrands/dist/fonts/OverusedGrotesk/OverusedGrotesk-Regulard41d.eot]
[luminarybrands.co.uk/wp-content/themes/luminarybrands/dist/fonts/OverusedGrotesk/OverusedGrotesk-Regular.woff2]
[luminarybrands.co.uk/wp-content/themes/luminarybrands/dist/fonts/OverusedGrotesk/OverusedGrotesk-Regular.woff]
[luminarybrands.co.uk/wp-content/themes/luminarybrands/dist/fonts/OverusedGrotesk/OverusedGrotesk-Regular.ttf]
[luminarybrands.co.uk/wp-content/themes/luminarybrands/dist/fonts/OverusedGrotesk/OverusedGrotesk-Black.eot]
[luminarybrands.co.uk/wp-content/themes/luminarybrands/dist/fonts/OverusedGrotesk/OverusedGrotesk-Blackd41d.eot]
[luminarybrands.co.uk/wp-content/themes/luminarybrands/dist/fonts/OverusedGrotesk/OverusedGrotesk-Black.woff2]
[luminarybrands.co.uk/wp-content/themes/luminarybrands/dist/fonts/OverusedGrotesk/OverusedGrotesk-Black.woff]
[luminarybrands.co.uk/wp-content/themes/luminarybrands/dist/fonts/OverusedGrotesk/OverusedGrotesk-Black.ttf]
[luminarybrands.co.uk/wp-content/themes/luminarybrands/svg/background-homePage.webp]
[luminarybrands.co.uk/wp-content/themes/luminarybrands/dist/main.min.css]
[luminarybrands.co.uk/wp-includes/css/dist/block-library/style.min0899.css]
[luminarybrands.co.uk/wp-content/themes/luminarybrands/style.css]
[luminarybrands.co.uk/wp-content/uploads/2024/08/LinkMed-card.webp]
[luminarybrands.co.uk/case-studies/linkmed-solutions/index.html]
[luminarybrands.co.uk/wp-content/uploads/2024/12/Emplex-card.webp]
[luminarybrands.co.uk/case-studies/emplex/index.html]
[luminarybrands.co.uk/wp-content/uploads/2024/07/Biberstein-card.webp]
[luminarybrands.co.uk/case-studies/biberstein/index.html]
[luminarybrands.co.uk/wp-content/uploads/2024/06/IQ-fairprofit-card-1.webp]
[luminarybrands.co.uk/case-studies/iq-fairprofit/index.html]
[luminarybrands.co.uk/wp-content/uploads/2024/07/Herbzen-card.webp]
[luminarybrands.co.uk/wp-content/uploads/2024/07/Scented-Harmony-card.webp]
[luminarybrands.co.uk/case-studies/scented-harmony/index.html]
[luminarybrands.co.uk/wp-content/uploads/2024/07/Wir-wirken-card.webp]
[luminarybrands.co.uk/case-studies/herbzen/index.html]
[luminarybrands.co.uk/case-studies/wir-wirken/index.html]
[luminarybrands.co.uk/wp-content/uploads/2024/07/Mutausbruch-card.webp]
[luminarybrands.co.uk/case-studies/mutausbruch/index.html]
[luminarybrands.co.uk/wp-content/uploads/2024/08/Patty-Haven-card.webp]
[luminarybrands.co.uk/case-studies/patty-haven/index.html]
[luminarybrands.co.uk/wp-content/uploads/2024/06/Lamelo-card.webp]
[luminarybrands.co.uk/case-studies/lamelo/index.html]
[luminarybrands.co.uk/wp-content/uploads/2024/06/Park-Medical-Group-card.webp]
[luminarybrands.co.uk/case-studies/park-medical-group/index.html]
[luminarybrands.co.uk/wp-content/uploads/2024/06/REFuture-card.webp]
[luminarybrands.co.uk/case-studies/refuture/index.html]
[luminarybrands.co.uk/wp-content/themes/luminarybrands/js/SplitType02f4.js]
[luminarybrands.co.uk/case-studies/index.html]
[luminarybrands.co.uk/wp-content/themes/luminarybrands/dist/main.min2b31.js]
[luminarybrands.co.uk/wp-content/uploads/2024/05/Branding-services-scaled.webp]
[luminarybrands.co.uk/wp-content/uploads/2024/05/Branding-services-banner.webp]
[luminarybrands.co.uk/wp-content/uploads/2024/05/top-logo-4-1.webp]
[luminarybrands.co.uk/wp-content/uploads/2024/05/top-logo-4-2.webp]
[luminarybrands.co.uk/wp-content/uploads/2024/05/top-logo-4-3.webp]
[luminarybrands.co.uk/wp-content/uploads/2024/05/service-Brand-identity.webp]
[luminarybrands.co.uk/wp-content/uploads/2024/05/service-Brand-strategy.webp]
[luminarybrands.co.uk/wp-content/uploads/2024/05/service-Rebranding.webp]
[luminarybrands.co.uk/wp-content/uploads/2024/05/icon-Photoshop.webp]
[luminarybrands.co.uk/wp-content/uploads/2024/05/icon-Illustrator.webp]
[luminarybrands.co.uk/wp-content/uploads/2024/05/icon-Indesign.webp]
[luminarybrands.co.uk/wp-content/uploads/2024/05/icon-Premiere-Pro.webp]
[luminarybrands.co.uk/wp-content/uploads/2024/05/icon-Figma.webp]
[luminarybrands.co.uk/wp-content/uploads/2024/05/icon-After-Effects.webp]
[luminarybrands.co.uk/wp-content/uploads/2024/05/icon-Lottie.webp]
[luminarybrands.co.uk/wp-content/uploads/2024/05/icon-Blender.webp]
[luminarybrands.co.uk/wp-content/uploads/2024/05/icon-Power-Point.webp]
[luminarybrands.co.uk/wp-content/uploads/2024/05/icon-Protopie.webp]
[luminarybrands.co.uk/wp-content/uploads/2024/05/Enhanced-Brand-Perception.webp]
[luminarybrands.co.uk/wp-content/uploads/2024/05/Client-Retention-and-Loyalty.webp]
[luminarybrands.co.uk/wp-content/uploads/2024/05/Competitive-Advantage.webp]
[luminarybrands.co.uk/wp-content/themes/luminarybrands/js/SplitTypeb5fc.js]
[luminarybrands.co.uk/services/branding/index.html]
[luminarybrands.co.uk/wp-content/themes/luminarybrands/dist/main.min30ba.js]
[luminarybrands.co.uk/wp-content/uploads/2024/05/Brand-identity-scaled.webp]
[luminarybrands.co.uk/wp-content/uploads/2024/05/Brand-identity-1.webp]
[luminarybrands.co.uk/wp-content/uploads/2024/05/logo-top-5-1.webp]
[luminarybrands.co.uk/wp-content/uploads/2024/05/logo-top-5-2.webp]
[luminarybrands.co.uk/wp-content/uploads/2024/05/logo-top-5-3.webp]
[luminarybrands.co.uk/wp-content/uploads/2024/05/service-Visual-Identity.webp]
[luminarybrands.co.uk/wp-content/uploads/2024/05/service-Brand-Messaging.webp]
[luminarybrands.co.uk/wp-content/uploads/2024/05/service-Brand-Experience.webp]
[luminarybrands.co.uk/wp-content/uploads/2024/05/process-Identity-Discovery.webp]
[luminarybrands.co.uk/wp-content/uploads/2024/05/process-Identity-Concepts.webp]
[luminarybrands.co.uk/wp-content/uploads/2024/05/process-Identity-Iteration.webp]
[luminarybrands.co.uk/wp-content/uploads/2024/05/process-Identity-Ideation.webp]
[luminarybrands.co.uk/wp-content/uploads/2024/05/process-Identity-Brand-Guidelines.webp]
[luminarybrands.co.uk/wp-content/uploads/2024/05/process-Identity-Presentation.webp]
[luminarybrands.co.uk/wp-content/themes/luminarybrands/js/SplitType904c.js]
[luminarybrands.co.uk/services/branding/identity/index.html]
[luminarybrands.co.uk/wp-content/uploads/2024/05/icon-Brand-identity.svg]
[luminarybrands.co.uk/wp-content/themes/luminarybrands/dist/main.mina9c7.js]
[luminarybrands.co.uk/wp-content/uploads/2024/05/Brand-strategy-scaled.webp]
[luminarybrands.co.uk/wp-content/uploads/2024/05/Brand-strategy-1.webp]
[luminarybrands.co.uk/wp-content/uploads/2024/05/top-logo-6-1.webp]
[luminarybrands.co.uk/wp-content/uploads/2024/05/top-logo-6-2.webp]
[luminarybrands.co.uk/wp-content/uploads/2024/05/top-logo-6-3.webp]
[luminarybrands.co.uk/wp-content/uploads/2024/05/service-Brand-Positioning.webp]
[luminarybrands.co.uk/wp-content/uploads/2024/05/service-Brand-Differentiation.webp]
[luminarybrands.co.uk/wp-content/uploads/2024/05/service-Target-Audience-Identification.webp]
[luminarybrands.co.uk/wp-content/uploads/2024/05/process-Rebranding-Research-Analysis-1.webp]
[luminarybrands.co.uk/wp-content/uploads/2024/05/process-Strategy-Brand-Purpose-Values.webp]
[luminarybrands.co.uk/wp-content/uploads/2024/05/process-Strategy-Brand-Positioning.webp]
[luminarybrands.co.uk/wp-content/uploads/2024/05/process-Strategy-Brand-Identity.webp]
[luminarybrands.co.uk/wp-content/uploads/2024/05/process-Strategy-Brand-Messaging.webp]
[luminarybrands.co.uk/wp-content/uploads/2024/05/process-Strategy-Implement-Monitor.webp]
[luminarybrands.co.uk/wp-content/themes/luminarybrands/js/SplitType23a1.js]
[luminarybrands.co.uk/services/branding/strategy/index.html]
[luminarybrands.co.uk/wp-content/uploads/2024/05/icon-Brand-strategy.svg]
[luminarybrands.co.uk/wp-content/themes/luminarybrands/dist/main.min89a7.js]
[luminarybrands.co.uk/wp-content/uploads/2024/05/Rebranding-scaled.webp]
[luminarybrands.co.uk/wp-content/uploads/2024/05/Rebranding-1.webp]
[luminarybrands.co.uk/wp-content/uploads/2024/05/service-Brand-Identity-Refresh.webp]
[luminarybrands.co.uk/wp-content/uploads/2024/05/service-Messaging-Overhaul.webp]
[luminarybrands.co.uk/wp-content/uploads/2024/05/service-Strategic-Repositioning.webp]
[luminarybrands.co.uk/wp-content/uploads/2024/05/process-Rebranding-Research-Analysis.webp]
[luminarybrands.co.uk/wp-content/uploads/2024/05/process-Rebranding-Brand-Strategy.webp]
[luminarybrands.co.uk/wp-content/uploads/2024/05/process-Rebranding-New-Brand-Identity.webp]
[luminarybrands.co.uk/wp-content/uploads/2024/05/process-Rebranding-Brand-Messaging.webp]
[luminarybrands.co.uk/wp-content/uploads/2024/05/process-Rebranding-Implement.webp]
[luminarybrands.co.uk/wp-content/uploads/2024/05/process-Rebranding-Monitor-Evaluate.webp]
[luminarybrands.co.uk/wp-content/themes/luminarybrands/js/SplitTyped5fa.js]
[luminarybrands.co.uk/services/branding/rebranding/index.html]
[luminarybrands.co.uk/wp-content/uploads/2024/05/icon-Rebranding.svg]
[luminarybrands.co.uk/wp-content/themes/luminarybrands/dist/main.mind37d.js]
[luminarybrands.co.uk/wp-content/uploads/2024/05/Design-services-scaled.webp]
[luminarybrands.co.uk/wp-content/uploads/2024/08/Design-services-1.webp]
[luminarybrands.co.uk/wp-content/uploads/2024/05/logo-top-1.webp]
[luminarybrands.co.uk/wp-content/uploads/2024/05/logo-top-2.webp]
[luminarybrands.co.uk/wp-content/uploads/2024/05/logo-top-3.webp]
[luminarybrands.co.uk/wp-content/uploads/2024/05/Design-Services-Web-design.webp]
[luminarybrands.co.uk/wp-content/uploads/2024/05/Design-Services-UI-UX-design.webp]
[luminarybrands.co.uk/wp-content/uploads/2024/05/Design-Services-Graphic-design.webp]
[luminarybrands.co.uk/wp-content/uploads/2024/05/Mobile-optimisation.webp]
[luminarybrands.co.uk/wp-content/uploads/2024/05/Comprehensive-analytics.webp]
[luminarybrands.co.uk/wp-content/uploads/2024/05/Security-reliability-speed.webp]
[luminarybrands.co.uk/wp-content/themes/luminarybrands/js/SplitType1604.js]
[luminarybrands.co.uk/services/design/index.html]
[luminarybrands.co.uk/wp-content/themes/luminarybrands/dist/main.min11dc.js]
[luminarybrands.co.uk/wp-content/uploads/2024/05/Web-Design-scaled.webp]
[luminarybrands.co.uk/wp-content/uploads/2024/05/Web-Design-banner.webp]
[luminarybrands.co.uk/wp-content/uploads/2024/05/logo-top-3-1.webp]
[luminarybrands.co.uk/wp-content/uploads/2024/05/logo-top-3-2.webp]
[luminarybrands.co.uk/wp-content/uploads/2024/05/logo-top-3-3.webp]
[luminarybrands.co.uk/wp-content/uploads/2024/05/service-Custom-Website-Creation.webp]
[luminarybrands.co.uk/wp-content/uploads/2024/05/service-Websites-redesign.webp]
[luminarybrands.co.uk/wp-content/uploads/2024/05/service-Ecommerce.webp]
[luminarybrands.co.uk/wp-content/uploads/2024/05/process-Web-Discovery.webp]
[luminarybrands.co.uk/wp-content/uploads/2024/05/process-Web-Concept.webp]
[luminarybrands.co.uk/wp-content/uploads/2024/05/process-Web-Design.webp]
[luminarybrands.co.uk/wp-content/uploads/2024/05/process-Web-Prototype.webp]
[luminarybrands.co.uk/wp-content/uploads/2024/05/process-Web-Testing-Launching.webp]
[luminarybrands.co.uk/wp-content/themes/luminarybrands/js/SplitTypeeb6b.js]
[luminarybrands.co.uk/services/design/web/index.html]
[luminarybrands.co.uk/wp-content/uploads/2024/05/icon-Web-design.svg]
[luminarybrands.co.uk/wp-content/themes/luminarybrands/dist/main.min51d6.js]
[luminarybrands.co.uk/wp-content/uploads/2024/05/UI-UX-design-scaled.webp]
[luminarybrands.co.uk/wp-content/uploads/2024/05/UI-UX-design-banner.webp]
[luminarybrands.co.uk/wp-content/uploads/2024/05/logo-top-1-1.webp]
[luminarybrands.co.uk/wp-content/uploads/2024/05/logo-top-1-2.webp]
[luminarybrands.co.uk/wp-content/uploads/2024/05/logo-top-1-3.webp]
[luminarybrands.co.uk/wp-content/uploads/2024/05/service-UI-UX-design.webp]
[luminarybrands.co.uk/wp-content/uploads/2024/05/service-User-experience-research.webp]
[luminarybrands.co.uk/wp-content/uploads/2024/05/service-UX-audit.webp]
[luminarybrands.co.uk/wp-content/uploads/2024/05/process-UI-UX-Discovery.webp]
[luminarybrands.co.uk/wp-content/uploads/2024/05/process-UI-UX-Information-architecture.webp]
[luminarybrands.co.uk/wp-content/uploads/2024/05/process-UI-UX-Design.webp]
[luminarybrands.co.uk/wp-content/uploads/2024/05/process-UI-UX-Prototype.webp]
[luminarybrands.co.uk/wp-content/uploads/2024/05/process-UI-UX-Testing-Launching.webp]
[luminarybrands.co.uk/wp-content/themes/luminarybrands/js/SplitType8805.js]
[luminarybrands.co.uk/services/design/ui-ux/index.html]
[luminarybrands.co.uk/wp-content/uploads/2024/05/icon-UI-UX-design.svg]
[luminarybrands.co.uk/wp-content/themes/luminarybrands/dist/main.minbfc0.js]
[luminarybrands.co.uk/wp-content/uploads/2024/05/Graphick-design-scaled.webp]
[luminarybrands.co.uk/wp-content/uploads/2024/05/Graphick-design-banner.webp]
[luminarybrands.co.uk/wp-content/uploads/2024/05/logo-top-2-1.webp]
[luminarybrands.co.uk/wp-content/uploads/2024/05/logo-top-2-2.webp]
[luminarybrands.co.uk/wp-content/uploads/2024/05/logo-top-2-3.webp]
[luminarybrands.co.uk/wp-content/uploads/2024/05/service-Packaging-design.webp]
[luminarybrands.co.uk/wp-content/uploads/2024/05/service-Print-design.webp]
[luminarybrands.co.uk/wp-content/uploads/2024/05/service-Web-graphics.webp]
[luminarybrands.co.uk/wp-content/uploads/2024/05/process-Graphick-Discovery.webp]
[luminarybrands.co.uk/wp-content/uploads/2024/05/process-Graphick-Ideation.webp]
[luminarybrands.co.uk/wp-content/uploads/2024/05/process-Graphick-Design.webp]
[luminarybrands.co.uk/wp-content/uploads/2024/05/process-Graphick-Prototyping.webp]
[luminarybrands.co.uk/wp-content/uploads/2024/05/process-Graphick-Brand-Guidelines.webp]
[luminarybrands.co.uk/wp-content/uploads/2024/05/process-Graphick-Presentation.webp]
[luminarybrands.co.uk/wp-content/themes/luminarybrands/js/SplitType2e04.js]
[luminarybrands.co.uk/services/design/graphic/index.html]
[luminarybrands.co.uk/wp-content/uploads/2024/05/icon-Graphic-design.svg]
[luminarybrands.co.uk/wp-content/themes/luminarybrands/dist/main.min67e2.js]
[luminarybrands.co.uk/wp-content/uploads/2024/05/Development-scaled.webp]
[luminarybrands.co.uk/wp-content/uploads/2024/05/Development-1.webp]
[luminarybrands.co.uk/wp-content/uploads/2024/05/service-Custom-website-development.webp]
[luminarybrands.co.uk/wp-content/uploads/2024/05/service-Wordpress-development.webp]
[luminarybrands.co.uk/wp-content/uploads/2024/05/service-Ecommerce-development.webp]
[luminarybrands.co.uk/wp-content/uploads/2024/05/icon-wordpress.svg]
[luminarybrands.co.uk/wp-content/uploads/2024/05/icon-WooCommerce.svg]
[luminarybrands.co.uk/wp-content/uploads/2024/05/icon-Java-Script.svg]
[luminarybrands.co.uk/wp-content/uploads/2024/05/icon-React-js.svg]
[luminarybrands.co.uk/wp-content/uploads/2024/05/icon-Vue-JS.svg]
[luminarybrands.co.uk/wp-content/uploads/2024/05/icon-Java.svg]
[luminarybrands.co.uk/wp-content/uploads/2024/05/icon-Node-JS.svg]
[luminarybrands.co.uk/wp-content/uploads/2024/05/icon-PHP.svg]
[luminarybrands.co.uk/wp-content/uploads/2024/05/Enhanced-Brand-Perception-1.webp]
[luminarybrands.co.uk/wp-content/uploads/2024/05/Client-Retention-and-Loyalty-1.webp]
[luminarybrands.co.uk/wp-content/uploads/2024/05/Competitive-Advantage-1.webp]
[luminarybrands.co.uk/wp-content/themes/luminarybrands/js/SplitType3d29.js]
[luminarybrands.co.uk/services/development/index.html]
[luminarybrands.co.uk/wp-content/themes/luminarybrands/dist/main.min22f8.js]
[luminarybrands.co.uk/wp-content/uploads/2024/06/Custom-Web-development-scaled.webp]
[luminarybrands.co.uk/wp-content/uploads/2024/06/Custom-Web-development-1.webp]
[luminarybrands.co.uk/wp-content/uploads/2024/06/logo-top-8.webp]
[luminarybrands.co.uk/wp-content/uploads/2024/06/service-Website-Creation.webp]
[luminarybrands.co.uk/wp-content/uploads/2024/06/service-Modern-UI-UX-Design.webp]
[luminarybrands.co.uk/wp-content/uploads/2024/06/service-SEO-Optimization.webp]
[luminarybrands.co.uk/wp-content/uploads/2024/06/process-Discovery.webp]
[luminarybrands.co.uk/wp-content/uploads/2024/06/process-Web-design.webp]
[luminarybrands.co.uk/wp-content/uploads/2024/06/process-Web-development.webp]
[luminarybrands.co.uk/wp-content/uploads/2024/06/process-Testing.webp]
[luminarybrands.co.uk/wp-content/uploads/2024/06/process-Deployment.webp]
[luminarybrands.co.uk/wp-content/uploads/2024/06/process-Launch-Support.webp]
[luminarybrands.co.uk/wp-content/themes/luminarybrands/js/SplitType69e6.js]
[luminarybrands.co.uk/services/development/custom/index.html]
[luminarybrands.co.uk/wp-content/uploads/2024/05/icon-Web-development.svg]
[luminarybrands.co.uk/wp-content/themes/luminarybrands/dist/main.mindd42.js]
[luminarybrands.co.uk/wp-content/uploads/2024/06/Wordpress-development-scaled.webp]
[luminarybrands.co.uk/wp-content/uploads/2024/06/Wordpress-development-1.webp]
[luminarybrands.co.uk/wp-content/uploads/2024/06/service-Custom-Theme-Development.webp]
[luminarybrands.co.uk/wp-content/uploads/2024/06/service-SEO-Friendly.webp]
[luminarybrands.co.uk/wp-content/uploads/2024/06/service-Performance-Optimization.webp]
[luminarybrands.co.uk/wp-content/uploads/2024/06/process-Wordpress-Discovery.webp]
[luminarybrands.co.uk/wp-content/uploads/2024/06/process-Wordpress-Design.webp]
[luminarybrands.co.uk/wp-content/uploads/2024/06/process-Wordpress-Development.webp]
[luminarybrands.co.uk/wp-content/uploads/2024/06/process-Wordpress-Testing.webp]
[luminarybrands.co.uk/wp-content/uploads/2024/06/process-Wordpress-Deployment.webp]
[luminarybrands.co.uk/wp-content/uploads/2024/06/process-Wordpress-Launch-Support.webp]
[luminarybrands.co.uk/wp-content/themes/luminarybrands/js/SplitType6fb5.js]
[luminarybrands.co.uk/services/development/wordpress/index.html]
[luminarybrands.co.uk/wp-content/uploads/2024/05/icon-Wordpress-development.svg]
[luminarybrands.co.uk/wp-content/themes/luminarybrands/dist/main.min0be4.js]
[luminarybrands.co.uk/wp-content/uploads/2024/06/Ecommerce-development-scaled.webp]
[luminarybrands.co.uk/wp-content/uploads/2024/06/Ecommerce-development-1.webp]
[luminarybrands.co.uk/wp-content/uploads/2024/06/service-Marketplace-Development.webp]
[luminarybrands.co.uk/wp-content/uploads/2024/06/service-Secure-Payment-Gateway.webp]
[luminarybrands.co.uk/wp-content/uploads/2024/06/service-Analytics-and-Reporting.webp]
[luminarybrands.co.uk/wp-content/uploads/2024/06/process-Ecommerce-Discovery.webp]
[luminarybrands.co.uk/wp-content/uploads/2024/06/process-Ecommerce-Design.webp]
[luminarybrands.co.uk/wp-content/uploads/2024/06/process-Ecommerce-Development.webp]
[luminarybrands.co.uk/wp-content/uploads/2024/06/process-Ecommerce-Content-Creation.webp]
[luminarybrands.co.uk/wp-content/uploads/2024/06/process-Ecommerce-Testing.webp]
[luminarybrands.co.uk/wp-content/uploads/2024/06/process-Ecommerce-Support-maintenance.webp]
[luminarybrands.co.uk/wp-content/themes/luminarybrands/js/SplitType7aa1.js]
[luminarybrands.co.uk/services/development/ecommerce/index.html]
[luminarybrands.co.uk/wp-content/uploads/2024/05/icon-Ecommerce-development.svg]
[luminarybrands.co.uk/wp-content/themes/luminarybrands/dist/main.min473f.js]
[luminarybrands.co.uk/wp-content/uploads/2024/07/About-us-banner-scaled.webp]
[luminarybrands.co.uk/wp-content/uploads/2024/07/About-us-Luminary-brands.webp]
[luminarybrands.co.uk/wp-content/uploads/2024/07/About-us-our-mission.webp]
[luminarybrands.co.uk/wp-content/uploads/2024/08/Team-member-Theo.webp]
[luminarybrands.co.uk/wp-content/uploads/2024/08/Team-member-Theo-1.webp]
[luminarybrands.co.uk/wp-content/uploads/2024/08/Team-member-Kate.webp]
[luminarybrands.co.uk/wp-content/uploads/2024/08/Team-member-Kate-1.webp]
[luminarybrands.co.uk/wp-content/uploads/2024/08/Team-member-Jessica.webp]
[luminarybrands.co.uk/wp-content/uploads/2024/08/Team-member-Jessica-1.webp]
[luminarybrands.co.uk/wp-content/uploads/2024/08/Team-member-Henry.webp]
[luminarybrands.co.uk/wp-content/uploads/2024/08/Team-member-Henry-1.webp]
[luminarybrands.co.uk/wp-content/uploads/2024/08/Team-member-Sophia.webp]
[luminarybrands.co.uk/wp-content/uploads/2024/08/Team-member-Sophia-1.webp]
[luminarybrands.co.uk/wp-content/uploads/2024/08/Team-member-Alex.webp]
[luminarybrands.co.uk/wp-content/uploads/2024/08/Team-member-Alex_0.webp]
[luminarybrands.co.uk/wp-content/uploads/2024/08/Team-member-Jack.webp]
[luminarybrands.co.uk/wp-content/uploads/2024/08/Team-member-Jack-1.webp]
[luminarybrands.co.uk/wp-content/uploads/2024/08/Team-member-Alice.webp]
[luminarybrands.co.uk/wp-content/uploads/2024/08/Team-member-Alice-1.webp]
[luminarybrands.co.uk/wp-content/uploads/2024/08/Team-member-Oliver.webp]
[luminarybrands.co.uk/wp-content/uploads/2024/08/Team-member-Oliver-1.webp]
[luminarybrands.co.uk/wp-content/uploads/2024/09/Team-member-Olexandra-01.webp]
[luminarybrands.co.uk/wp-content/uploads/2024/09/Team-member-Olexandra-02.webp]
[luminarybrands.co.uk/wp-content/uploads/2024/09/Team-member-Emma-01.webp]
[luminarybrands.co.uk/wp-content/uploads/2024/09/Team-member-Emma-02.webp]
[luminarybrands.co.uk/wp-content/uploads/2024/08/Team-member-Anna.webp]
[luminarybrands.co.uk/wp-content/uploads/2024/08/Team-member-Anna-1.webp]
[luminarybrands.co.uk/wp-content/uploads/2024/08/Team-member-Ruby.webp]
[luminarybrands.co.uk/wp-content/uploads/2024/08/Team-member-Ruby-1.webp]
[luminarybrands.co.uk/wp-content/uploads/2024/08/Team-member-Christina.webp]
[luminarybrands.co.uk/wp-content/uploads/2024/08/Team-member-Christina-1.webp]
[luminarybrands.co.uk/wp-content/uploads/2024/08/Team-member-Roman.webp]
[luminarybrands.co.uk/wp-content/uploads/2024/08/Team-member-Roman-1.webp]
[luminarybrands.co.uk/wp-content/uploads/2024/08/Team-member-James.webp]
[luminarybrands.co.uk/wp-content/uploads/2024/08/Team-member-James-1.webp]
[luminarybrands.co.uk/wp-content/uploads/2024/08/Team-member-Iryna.webp]
[luminarybrands.co.uk/wp-content/uploads/2024/08/Team-member-Iryna-1.webp]
[luminarybrands.co.uk/wp-content/uploads/2024/08/Team-member-Alex-1.webp]
[luminarybrands.co.uk/wp-content/uploads/2024/08/Team-member-Alex-1_0.webp]
[luminarybrands.co.uk/wp-content/uploads/2024/08/Team-member-Mark.webp]
[luminarybrands.co.uk/wp-content/uploads/2024/08/Team-member-Mark-1.webp]
[luminarybrands.co.uk/wp-content/uploads/2024/08/Team-member-Olena.webp]
[luminarybrands.co.uk/wp-content/uploads/2024/08/Team-member-Olena-1.webp]
[luminarybrands.co.uk/wp-content/uploads/2024/08/Team-member-Arthur.webp]
[luminarybrands.co.uk/wp-content/uploads/2024/08/Team-member-Arthur-1.webp]
[luminarybrands.co.uk/wp-content/uploads/2024/08/Team-member-Elizabeth.webp]
[luminarybrands.co.uk/wp-content/uploads/2024/08/Team-member-Elizabeth-1.webp]
[luminarybrands.co.uk/wp-content/uploads/2024/08/Team-member-Thomas.webp]
[luminarybrands.co.uk/wp-content/uploads/2024/08/Team-member-Thomas-1.webp]
[luminarybrands.co.uk/wp-content/uploads/2024/08/Team-member-Andrew.webp]
[luminarybrands.co.uk/wp-content/uploads/2024/08/Team-member-Andrew-1.webp]
[luminarybrands.co.uk/wp-content/uploads/2024/07/About-us-approach-1.webp]
[luminarybrands.co.uk/wp-content/uploads/2024/07/About-us-approach-2.webp]
[luminarybrands.co.uk/wp-content/uploads/2024/07/About-us-approach-3.webp]
[luminarybrands.co.uk/wp-content/uploads/2024/07/About-us-approach-4.webp]
[luminarybrands.co.uk/wp-content/uploads/2024/07/About-us-values-1.webp]
[luminarybrands.co.uk/wp-content/uploads/2024/07/About-us-values-2.webp]
[luminarybrands.co.uk/wp-content/uploads/2024/07/About-us-values-3.webp]
[luminarybrands.co.uk/wp-content/themes/luminarybrands/js/SplitTypedcc8.js]
[luminarybrands.co.uk/about-us/index.html]
[luminarybrands.co.uk/wp-content/themes/luminarybrands/dist/main.min636a.js]
[luminarybrands.co.uk/wp-content/uploads/2024/11/Rebrand-Without-Losing-Loyal-Customers.webp]
[luminarybrands.co.uk/blog/rebrand-loyal-customers/index.html]
[luminarybrands.co.uk/wp-content/uploads/2024/11/Create-a-Logo-That-Captures-Your-Brand.webp]
[luminarybrands.co.uk/blog/logo-design-brand/index.html]
[luminarybrands.co.uk/wp-content/uploads/2024/11/Boost-Conversions-with-User-Centric-Web-Design.webp]
[luminarybrands.co.uk/blog/user-centric-design/index.html]
[luminarybrands.co.uk/wp-content/themes/luminarybrands/js/SplitTypee1ec.js]
[luminarybrands.co.uk/blog/index.html]
[luminarybrands.co.uk/wp-content/themes/luminarybrands/dist/main.mind8b0.js]
[luminarybrands.co.uk/wp-content/themes/luminarybrands/js/SplitType1710.js]
[luminarybrands.co.uk/contact-us/index.html]
[luminarybrands.co.uk/wp-content/uploads/2024/05/logo-impltech.svg]
[luminarybrands.co.uk/wp-content/uploads/2024/05/logo-Nexte.svg]
[luminarybrands.co.uk/wp-content/uploads/2024/07/logo-biberstein.svg]
[luminarybrands.co.uk/wp-content/uploads/2024/07/logo-IQ-fairprofit.svg]
[luminarybrands.co.uk/wp-content/uploads/2024/07/logo-refuture.svg]
[luminarybrands.co.uk/wp-content/uploads/2024/07/logo-phillips-66.svg]
[luminarybrands.co.uk/wp-content/uploads/2024/07/logo-wir-wirken.svg]
[luminarybrands.co.uk/wp-content/uploads/2024/07/logo-wildwood.svg]
[luminarybrands.co.uk/wp-content/uploads/2024/07/logo-scented-harmony.svg]
[luminarybrands.co.uk/wp-content/uploads/2024/07/logo-lucent.svg]
[luminarybrands.co.uk/wp-content/uploads/2024/07/logo-herbzen.svg]
[luminarybrands.co.uk/wp-content/uploads/2024/07/logo-lamelo.svg]
[luminarybrands.co.uk/wp-content/uploads/2024/07/logo-esteria.svg]
[luminarybrands.co.uk/wp-content/uploads/2024/07/logo-park-medical-group.svg]
[luminarybrands.co.uk/wp-content/themes/luminarybrands/svg/arrow-switch.svg]
[luminarybrands.co.uk/wp-content/themes/luminarybrands/dist/main.min2756.js]
[luminarybrands.co.uk/wp-content/uploads/2024/04/Impltech-banner-scaled.webp]
[luminarybrands.co.uk/wp-content/uploads/2024/04/Impltech-branding-1.webp]
[luminarybrands.co.uk/wp-content/uploads/2024/04/Impltech-branding-2.webp]
[luminarybrands.co.uk/wp-content/uploads/2024/04/Impltech-branding-3.webp]
[luminarybrands.co.uk/wp-content/uploads/2024/04/Impltech-customers-1.webp]
[luminarybrands.co.uk/wp-content/uploads/2024/04/Impltech-customers-2.webp]
[luminarybrands.co.uk/wp-content/uploads/2024/04/Impltech-customers-3.webp]
[luminarybrands.co.uk/wp-content/uploads/2024/04/Impltech-design-fonts-1.webp]
[luminarybrands.co.uk/wp-content/uploads/2024/04/Impltech-design-fonts-2.webp]
[luminarybrands.co.uk/wp-content/uploads/2024/04/Impltech-main-screen.webp]
[luminarybrands.co.uk/wp-content/uploads/2024/04/Impltech-desktop-screen-scaled.webp]
[luminarybrands.co.uk/wp-content/uploads/2024/04/Impltech-styles-1.webp]
[luminarybrands.co.uk/wp-content/uploads/2024/04/Impltech-styles-2.webp]
[luminarybrands.co.uk/wp-content/uploads/2024/04/Impltech-styles-3.webp]
[luminarybrands.co.uk/wp-content/uploads/2024/04/Impltech-fullscreen-1-scaled.webp]
[luminarybrands.co.uk/wp-content/uploads/2024/04/Impltech-screen-mobile-1.webp]
[luminarybrands.co.uk/wp-content/uploads/2024/04/Impltech-screen-mobile-2.webp]
[luminarybrands.co.uk/wp-content/uploads/2024/04/Impltech-screen-mobile-3.webp]
[luminarybrands.co.uk/wp-content/uploads/2024/04/Impltech-screen-mobile-4.webp]
[luminarybrands.co.uk/wp-content/uploads/2024/04/Impltech-screen-mobile-5.webp]
[luminarybrands.co.uk/wp-content/uploads/2024/04/Impltech-fullscreen-2-scaled.webp]
[luminarybrands.co.uk/wp-content/uploads/2024/04/Impltech-adaptation-scaled.webp]
[luminarybrands.co.uk/wp-content/themes/luminarybrands/js/SplitType104e.js]
[luminarybrands.co.uk/case-studies/impltech/index.html]
[luminarybrands.co.uk/wp-content/themes/luminarybrands/dist/main.minc0bd.js]
[luminarybrands.co.uk/wp-content/uploads/2024/06/Phillips-66-banner-scaled.webp]
[luminarybrands.co.uk/wp-content/uploads/2024/06/Phillips-66-branding-1.webp]
[luminarybrands.co.uk/wp-content/uploads/2024/06/Phillips-66-branding-2.webp]
[luminarybrands.co.uk/wp-content/uploads/2024/06/Phillips-66-branding-3.webp]
[luminarybrands.co.uk/wp-content/uploads/2024/06/Phillips-66-customers-1.webp]
[luminarybrands.co.uk/wp-content/uploads/2024/06/Phillips-66-customers-2.webp]
[luminarybrands.co.uk/wp-content/uploads/2024/06/Phillips-66-customers-3.webp]
[luminarybrands.co.uk/wp-content/uploads/2024/06/Phillips-66-design-fonts-1.webp]
[luminarybrands.co.uk/wp-content/uploads/2024/06/Phillips-66-design-fonts-2.webp]
[luminarybrands.co.uk/wp-content/uploads/2024/06/Phillips-66-main-screen.webp]
[luminarybrands.co.uk/wp-content/uploads/2024/06/Phillips-66-screen-login.webp]
[luminarybrands.co.uk/wp-content/uploads/2024/06/Phillips-66-screen-account-details.webp]
[luminarybrands.co.uk/wp-content/uploads/2024/06/Phillips-66-screen-product-details.webp]
[luminarybrands.co.uk/wp-content/uploads/2024/06/Phillips-66-screen-cart-view.webp]
[luminarybrands.co.uk/wp-content/uploads/2024/06/Phillips-66-screen-account-detail.webp]
[luminarybrands.co.uk/wp-content/uploads/2024/06/Phillips-66-fullscreen-1-scaled.webp]
[luminarybrands.co.uk/wp-content/uploads/2024/06/Phillips-66-screen-mobile-1.webp]
[luminarybrands.co.uk/wp-content/uploads/2024/06/Phillips-66-screen-mobile-2.webp]
[luminarybrands.co.uk/wp-content/uploads/2024/06/Phillips-66-screen-mobile-3.webp]
[luminarybrands.co.uk/wp-content/uploads/2024/06/Phillips-66-screen-mobile-4.webp]
[luminarybrands.co.uk/wp-content/uploads/2024/06/Phillips-66-screen-mobile-5.webp]
[luminarybrands.co.uk/wp-content/uploads/2024/06/Phillips-66-screen-mobile-6.webp]
[luminarybrands.co.uk/wp-content/uploads/2024/06/Phillips-66.mp4]
[luminarybrands.co.uk/wp-content/uploads/2024/06/Phillips-66.webm]
[luminarybrands.co.uk/wp-content/uploads/2024/06/Phillips-66-adaptation-scaled.webp]
[luminarybrands.co.uk/wp-content/themes/luminarybrands/js/SplitType1325.js]
[luminarybrands.co.uk/case-studies/phillips-66/index.html]
[luminarybrands.co.uk/wp-content/uploads/2024/06/Esteria-banner-scaled.webp]
[luminarybrands.co.uk/wp-content/themes/luminarybrands/dist/main.min680d.js]
[luminarybrands.co.uk/wp-content/uploads/2024/06/Esteria-branding-1.webp]
[luminarybrands.co.uk/wp-content/uploads/2024/06/Esteria-branding-2.webp]
[luminarybrands.co.uk/wp-content/uploads/2024/06/Esteria-branding-3.webp]
[luminarybrands.co.uk/wp-content/uploads/2024/06/Esteria-customers-1.webp]
[luminarybrands.co.uk/wp-content/uploads/2024/06/Esteria-customers-2.webp]
[luminarybrands.co.uk/wp-content/uploads/2024/06/Esteria-customers-3.webp]
[luminarybrands.co.uk/wp-content/uploads/2024/06/Esteria-design-fonts-1.webp]
[luminarybrands.co.uk/wp-content/uploads/2024/06/Esteria-design-fonts-2.webp]
[luminarybrands.co.uk/wp-content/uploads/2024/06/Esteria-photo-1-scaled.webp]
[luminarybrands.co.uk/wp-content/uploads/2024/06/Esteria-photo-2-scaled.webp]
[luminarybrands.co.uk/wp-content/uploads/2024/06/Esteria-photo-3-scaled.webp]
[luminarybrands.co.uk/wp-content/uploads/2024/06/Esteria-photo-4-scaled.webp]
[luminarybrands.co.uk/wp-content/uploads/2024/06/Esteria-photo-5-scaled.webp]
[luminarybrands.co.uk/wp-content/uploads/2024/06/Esteria-fullscreen-1-scaled.webp]
[luminarybrands.co.uk/wp-content/uploads/2024/06/Esteria-instagram-stories-1.webp]
[luminarybrands.co.uk/wp-content/uploads/2024/06/Esteria-instagram-stories-2.webp]
[luminarybrands.co.uk/wp-content/uploads/2024/06/Esteria-instagram-stories-3.webp]
[luminarybrands.co.uk/wp-content/uploads/2024/06/Esteria-instagram-stories-4.webp]
[luminarybrands.co.uk/wp-content/uploads/2024/06/Esteria-instagram-stories-5.webp]
[luminarybrands.co.uk/wp-content/uploads/2024/06/Esteria-fullscreen-2-scaled.webp]
[luminarybrands.co.uk/wp-content/themes/luminarybrands/js/SplitType8d43.js]
[luminarybrands.co.uk/case-studies/esteria/index.html]
[luminarybrands.co.uk/wp-content/themes/luminarybrands/dist/main.minb82a.js]
[luminarybrands.co.uk/wp-content/uploads/2024/07/Lucent-banner.png]
[luminarybrands.co.uk/wp-content/uploads/2024/07/Lucent-branding-1.webp]
[luminarybrands.co.uk/wp-content/uploads/2024/07/Lucent-branding-2.webp]
[luminarybrands.co.uk/wp-content/uploads/2024/07/Lucent-branding-3.webp]
[luminarybrands.co.uk/wp-content/uploads/2024/07/Lucent-customers-1.webp]
[luminarybrands.co.uk/wp-content/uploads/2024/07/Lucent-customers-2.webp]
[luminarybrands.co.uk/wp-content/uploads/2024/07/Lucent-customers-3.webp]
[luminarybrands.co.uk/wp-content/uploads/2024/07/Lucent-design-fonts-1.webp]
[luminarybrands.co.uk/wp-content/uploads/2024/07/Lucent-design-fonts-2.webp]
[luminarybrands.co.uk/wp-content/uploads/2024/07/Lucent-photo-1.webp]
[luminarybrands.co.uk/wp-content/uploads/2024/07/Lucent-photo-2.webp]
[luminarybrands.co.uk/wp-content/uploads/2024/07/Lucent-photo-3.webp]
[luminarybrands.co.uk/wp-content/uploads/2024/07/Lucent-photo-4.webp]
[luminarybrands.co.uk/wp-content/uploads/2024/07/Lucent-photo-5.webp]
[luminarybrands.co.uk/wp-content/uploads/2024/07/Lucent-fullscreen-1-scaled.webp]
[luminarybrands.co.uk/wp-content/uploads/2024/07/Lucent-instagram-stories-1.webp]
[luminarybrands.co.uk/wp-content/uploads/2024/07/Lucent-instagram-stories-2.webp]
[luminarybrands.co.uk/wp-content/uploads/2024/07/Lucent-instagram-stories-3.webp]
[luminarybrands.co.uk/wp-content/uploads/2024/07/Lucent-instagram-stories-4.webp]
[luminarybrands.co.uk/wp-content/uploads/2024/07/Lucent-instagram-stories-5.webp]
[luminarybrands.co.uk/wp-content/uploads/2024/07/Lucent-fullscreen-2-scaled.webp]
[luminarybrands.co.uk/wp-content/themes/luminarybrands/js/SplitType42bc.js]
[luminarybrands.co.uk/case-studies/lucent/index.html]
[luminarybrands.co.uk/wp-content/themes/luminarybrands/dist/main.min789a.js]
[luminarybrands.co.uk/wp-content/uploads/2024/04/Nexte-banner-scaled.webp]
[luminarybrands.co.uk/wp-content/uploads/2024/04/Nexte-branding-1.webp]
[luminarybrands.co.uk/wp-content/uploads/2024/04/Nexte-branding-2.webp]
[luminarybrands.co.uk/wp-content/uploads/2024/04/Nexte-branding-3.webp]
[luminarybrands.co.uk/wp-content/uploads/2024/04/Nexte-customers-1.webp]
[luminarybrands.co.uk/wp-content/uploads/2024/04/Nexte-customers-2.webp]
[luminarybrands.co.uk/wp-content/uploads/2024/04/Nexte-customers-3.webp]
[luminarybrands.co.uk/wp-content/uploads/2024/04/Nexte-design-fonts-1.webp]
[luminarybrands.co.uk/wp-content/uploads/2024/04/Nexte-design-fonts-2.webp]
[luminarybrands.co.uk/wp-content/uploads/2024/04/Nexte-main-screen.webp]
[luminarybrands.co.uk/wp-content/uploads/2024/04/Nexte-desktop-screen-scaled.webp]
[luminarybrands.co.uk/wp-content/uploads/2024/04/Nexte-styles-1.webp]
[luminarybrands.co.uk/wp-content/uploads/2024/04/Nexte-styles-2.webp]
[luminarybrands.co.uk/wp-content/uploads/2024/04/Nexte-styles-3.webp]
[luminarybrands.co.uk/wp-content/uploads/2024/04/Nexte-fullscreen-1-scaled.webp]
[luminarybrands.co.uk/wp-content/uploads/2024/04/Nexte-screen-mobile-1.webp]
[luminarybrands.co.uk/wp-content/uploads/2024/04/Nexte-screen-mobile-2.webp]
[luminarybrands.co.uk/wp-content/uploads/2024/04/Nexte-screen-mobile-3.webp]
[luminarybrands.co.uk/wp-content/uploads/2024/04/Nexte-screen-mobile-4.webp]
[luminarybrands.co.uk/wp-content/uploads/2024/04/Nexte-screen-mobile-5.webp]
[luminarybrands.co.uk/wp-content/uploads/2024/04/Nexte-screen-mobile-6.webp]
[luminarybrands.co.uk/wp-content/uploads/2024/04/Nexte-fullscreen-2-scaled.webp]
[luminarybrands.co.uk/wp-content/uploads/2024/04/Nexte-adaptation-scaled.webp]
[luminarybrands.co.uk/wp-content/themes/luminarybrands/js/SplitType4161.js]
[luminarybrands.co.uk/case-studies/nexte/index.html]
[luminarybrands.co.uk/wp-content/themes/luminarybrands/dist/main.min55d6.js]
[luminarybrands.co.uk/wp-content/uploads/2024/06/WildWood-banner-scaled.webp]
[luminarybrands.co.uk/wp-content/uploads/2024/06/WildWood-branding-1.webp]
[luminarybrands.co.uk/wp-content/uploads/2024/06/WildWood-branding-2.webp]
[luminarybrands.co.uk/wp-content/uploads/2024/06/WildWood-branding-3.webp]
[luminarybrands.co.uk/wp-content/uploads/2024/06/WildWood-customers-1.webp]
[luminarybrands.co.uk/wp-content/uploads/2024/06/WildWood-customers-2.webp]
[luminarybrands.co.uk/wp-content/uploads/2024/06/WildWood-customers-3.webp]
[luminarybrands.co.uk/wp-content/uploads/2024/06/WildWood-design-fonts-1.webp]
[luminarybrands.co.uk/wp-content/uploads/2024/06/WildWood-design-fonts-2.webp]
[luminarybrands.co.uk/wp-content/uploads/2024/06/WildWood-photo-1-scaled.webp]
[luminarybrands.co.uk/wp-content/uploads/2024/06/WildWood-photo-2-scaled.webp]
[luminarybrands.co.uk/wp-content/uploads/2024/06/WildWood-photo-3-scaled.webp]
[luminarybrands.co.uk/wp-content/uploads/2024/06/WildWood-photo-4-scaled.webp]
[luminarybrands.co.uk/wp-content/uploads/2024/06/WildWood-photo-5-scaled.webp]
[luminarybrands.co.uk/wp-content/uploads/2024/06/WildWood-photo-6-scaled.webp]
[luminarybrands.co.uk/wp-content/uploads/2024/06/WildWood-photo-7-scaled.webp]
[luminarybrands.co.uk/wp-content/uploads/2024/06/WildWood-fullscreen-1-scaled.webp]
[luminarybrands.co.uk/wp-content/uploads/2024/06/WildWood-instagram-stories-1.webp]
[luminarybrands.co.uk/wp-content/uploads/2024/06/WildWood-instagram-stories-2.webp]
[luminarybrands.co.uk/wp-content/uploads/2024/06/WildWood-instagram-stories-3.webp]
[luminarybrands.co.uk/wp-content/uploads/2024/06/WildWood-instagram-stories-4.webp]
[luminarybrands.co.uk/wp-content/uploads/2024/06/WildWood-instagram-stories-5.webp]
[luminarybrands.co.uk/wp-content/uploads/2024/06/WildWood-fullscreen-2-scaled.webp]
[luminarybrands.co.uk/wp-content/themes/luminarybrands/js/SplitType52a5.js]
[luminarybrands.co.uk/case-studies/wildwood/index.html]
[luminarybrands.co.uk/privacy-policy/index.html]
[luminarybrands.co.uk/wp-content/uploads/2024/09/Top-Branding-Agency.svg]
[luminarybrands.co.uk/wp-content/uploads/2024/05/iconLinkedin.svg]
[luminarybrands.co.uk/wp-content/uploads/2024/05/iconFacebook.svg]
[luminarybrands.co.uk/wp-content/themes/luminarybrands/dist/main.min1ea9.js]
[luminarybrands.co.uk/wp-content/uploads/2024/12/LinkMed-banner-scaled.webp]
[luminarybrands.co.uk/wp-content/uploads/2024/12/LinkMed-branding-1.webp]
[luminarybrands.co.uk/wp-content/uploads/2024/12/LinkMed-branding-2.webp]
[luminarybrands.co.uk/wp-content/uploads/2024/12/LinkMed-branding-3.webp]
[luminarybrands.co.uk/wp-content/uploads/2024/12/LinkMed-customers-1.webp]
[luminarybrands.co.uk/wp-content/uploads/2024/12/LinkMed-customers-2.webp]
[luminarybrands.co.uk/wp-content/uploads/2024/12/LinkMed-customers-3.webp]
[luminarybrands.co.uk/wp-content/uploads/2024/12/LinkMed-design-fonts-1.webp]
[luminarybrands.co.uk/wp-content/uploads/2024/12/LinkMed-design-fonts-2.webp]
[luminarybrands.co.uk/wp-content/uploads/2024/12/LinkMed-main-screen.webp]
[luminarybrands.co.uk/wp-content/uploads/2024/12/LinkMed-desktop-screen-scaled.webp]
[luminarybrands.co.uk/wp-content/uploads/2024/12/LinkMed-fullscreen-1-scaled.webp]
[luminarybrands.co.uk/wp-content/uploads/2024/12/LinkMed-mobile-screen-1.webp]
[luminarybrands.co.uk/wp-content/uploads/2024/12/LinkMed-mobile-screen-2.webp]
[luminarybrands.co.uk/wp-content/uploads/2024/12/LinkMed-mobile-screen-3.webp]
[luminarybrands.co.uk/wp-content/uploads/2024/12/LinkMed-mobile-screen-4.webp]
[luminarybrands.co.uk/wp-content/uploads/2024/12/LinkMed-mobile-screen-5.webp]
[luminarybrands.co.uk/wp-content/uploads/2024/12/LinkMed-mobile-screen-6.webp]
[luminarybrands.co.uk/wp-content/uploads/2024/12/LinkMed-fullscreen-2-scaled.webp]
[luminarybrands.co.uk/wp-content/uploads/2024/12/LinkMed-adaptation-scaled.webp]
[luminarybrands.co.uk/wp-content/themes/luminarybrands/js/SplitTypec64d.js]
[luminarybrands.co.uk/case-studies/linkmed-solutions/index.html]
[luminarybrands.co.uk/wp-content/themes/luminarybrands/dist/main.mind2e6.js]
[luminarybrands.co.uk/wp-content/uploads/2024/12/Emplex-banner-scaled.webp]
[luminarybrands.co.uk/wp-content/uploads/2024/12/Emplex-branding-1.webp]
[luminarybrands.co.uk/wp-content/uploads/2024/12/Emplex-branding-2.webp]
[luminarybrands.co.uk/wp-content/uploads/2024/12/Emplex-branding-3.webp]
[luminarybrands.co.uk/wp-content/uploads/2024/12/Emplex-customers-1.webp]
[luminarybrands.co.uk/wp-content/uploads/2024/12/Emplex-customers-2.webp]
[luminarybrands.co.uk/wp-content/uploads/2024/12/Emplex-customers-3.webp]
[luminarybrands.co.uk/wp-content/uploads/2024/12/Emplex-design-fonts-1.webp]
[luminarybrands.co.uk/wp-content/uploads/2024/12/Emplex-design-fonts-2.webp]
[luminarybrands.co.uk/wp-content/uploads/2024/12/Emplex-main-screen.webp]
[luminarybrands.co.uk/wp-content/uploads/2024/12/Emplex-desktop-screen-scaled.webp]
[luminarybrands.co.uk/wp-content/uploads/2024/12/Emplex-fullscreen-1-scaled.webp]
[luminarybrands.co.uk/wp-content/uploads/2024/12/Emplex-mobile-screen-1.webp]
[luminarybrands.co.uk/wp-content/uploads/2024/12/Emplex-mobile-screen-2.webp]
[luminarybrands.co.uk/wp-content/uploads/2024/12/Emplex-mobile-screen-3.webp]
[luminarybrands.co.uk/wp-content/uploads/2024/12/Emplex-mobile-screen-4.webp]
[luminarybrands.co.uk/wp-content/uploads/2024/12/Emplex-mobile-screen-5.webp]
[luminarybrands.co.uk/wp-content/uploads/2024/12/Emplex-mobile-screen-6.webp]
[luminarybrands.co.uk/wp-content/uploads/2024/12/Emplex-fullscreen-2-scaled.webp]
[luminarybrands.co.uk/wp-content/uploads/2024/12/Emplex-adaptation-scaled.webp]
[luminarybrands.co.uk/wp-content/themes/luminarybrands/js/SplitType6d87.js]
[luminarybrands.co.uk/case-studies/emplex/index.html]
[luminarybrands.co.uk/wp-content/themes/luminarybrands/dist/main.min71ee.js]
[luminarybrands.co.uk/wp-content/uploads/2024/06/Biberstein-banner-scaled.webp]
[luminarybrands.co.uk/wp-content/uploads/2024/06/Biberstein-branding-1.webp]
[luminarybrands.co.uk/wp-content/uploads/2024/06/Biberstein-branding-2.webp]
[luminarybrands.co.uk/wp-content/uploads/2024/06/Biberstein-branding-3.webp]
[luminarybrands.co.uk/wp-content/uploads/2024/06/Biberstein-customers-1.webp]
[luminarybrands.co.uk/wp-content/uploads/2024/06/Biberstein-customers-2.webp]
[luminarybrands.co.uk/wp-content/uploads/2024/06/Biberstein-customers-3.webp]
[luminarybrands.co.uk/wp-content/uploads/2024/06/Biberstein-design-fonts-1.webp]
[luminarybrands.co.uk/wp-content/uploads/2024/06/Biberstein-design-fonts-2.webp]
[luminarybrands.co.uk/wp-content/uploads/2024/06/Biberstein-main-screen.webp]
[luminarybrands.co.uk/wp-content/uploads/2024/06/Biberstein-screen-services.webp]
[luminarybrands.co.uk/wp-content/uploads/2024/06/Biberstein-screen-deals.webp]
[luminarybrands.co.uk/wp-content/uploads/2024/06/Biberstein-screen-deal-detailes.webp]
[luminarybrands.co.uk/wp-content/uploads/2024/06/Biberstein-screen-references.webp]
[luminarybrands.co.uk/wp-content/uploads/2024/06/Biberstein-screen-contact-us.webp]
[luminarybrands.co.uk/wp-content/uploads/2024/06/Biberstein-styles-1.webp]
[luminarybrands.co.uk/wp-content/uploads/2024/06/Biberstein-styles-2.webp]
[luminarybrands.co.uk/wp-content/uploads/2024/06/Biberstein-styles-3.webp]
[luminarybrands.co.uk/wp-content/uploads/2024/06/Biberstein-fullscreen-1-scaled.webp]
[luminarybrands.co.uk/wp-content/uploads/2024/06/Biberstein-screen-mobile-1.webp]
[luminarybrands.co.uk/wp-content/uploads/2024/06/Biberstein-screen-mobile-2.webp]
[luminarybrands.co.uk/wp-content/uploads/2024/06/Biberstein-screen-mobile-3.webp]
[luminarybrands.co.uk/wp-content/uploads/2024/06/Biberstein-screen-mobile-4.webp]
[luminarybrands.co.uk/wp-content/uploads/2024/06/Biberstein-screen-mobile-5.webp]
[luminarybrands.co.uk/wp-content/uploads/2024/06/Biberstein-fullscreen-2-scaled.webp]
[luminarybrands.co.uk/wp-content/uploads/2024/06/Biberstein-adaptation-scaled.webp]
[luminarybrands.co.uk/wp-content/themes/luminarybrands/js/SplitType5640.js]
[luminarybrands.co.uk/case-studies/biberstein/index.html]
[luminarybrands.co.uk/wp-content/themes/luminarybrands/dist/main.minb9f2.js]
[luminarybrands.co.uk/wp-content/uploads/2024/04/IQ-fairprofit-banner-scaled.webp]
[luminarybrands.co.uk/wp-content/uploads/2024/06/IQ-fairprofit-branding-1.webp]
[luminarybrands.co.uk/wp-content/uploads/2024/06/IQ-fairprofit-branding-2.webp]
[luminarybrands.co.uk/wp-content/uploads/2024/06/IQ-fairprofit-branding-3.webp]
[luminarybrands.co.uk/wp-content/uploads/2024/06/IQ-fairprofit-customers-1.webp]
[luminarybrands.co.uk/wp-content/uploads/2024/06/IQ-fairprofit-customers-2.webp]
[luminarybrands.co.uk/wp-content/uploads/2024/06/IQ-fairprofit-customers-3.webp]
[luminarybrands.co.uk/wp-content/uploads/2024/06/IQ-fairprofit-design-fonts-1.webp]
[luminarybrands.co.uk/wp-content/uploads/2024/06/IQ-fairprofit-design-fonts-2.webp]
[luminarybrands.co.uk/wp-content/uploads/2024/06/IQ-fairprofit-main-screen.webp]
[luminarybrands.co.uk/wp-content/uploads/2024/06/IQ-fairprofit-screen-about.webp]
[luminarybrands.co.uk/wp-content/uploads/2024/06/IQ-fairprofit-screen-buy-rent.webp]
[luminarybrands.co.uk/wp-content/uploads/2024/06/IQ-fairprofit-screen-retirement.webp]
[luminarybrands.co.uk/wp-content/uploads/2024/06/IQ-fairprofit-screen-pension-calculator.webp]
[luminarybrands.co.uk/wp-content/uploads/2024/06/IQ-fairprofit-screen-blog.webp]
[luminarybrands.co.uk/wp-content/uploads/2024/06/IQ-fairprofit-styles-1.webp]
[luminarybrands.co.uk/wp-content/uploads/2024/06/IQ-fairprofit-styles-2.webp]
[luminarybrands.co.uk/wp-content/uploads/2024/06/IQ-fairprofit-styles-3.webp]
[luminarybrands.co.uk/wp-content/uploads/2024/06/IQ-fairprofit-fullscreen-1-scaled.webp]
[luminarybrands.co.uk/wp-content/uploads/2024/06/IQ-fairprofit-mobile-menu.webp]
[luminarybrands.co.uk/wp-content/uploads/2024/06/IQ-fairprofit-mobile-blog.webp]
[luminarybrands.co.uk/wp-content/uploads/2024/06/IQ-fairprofit-mobile-about.webp]
[luminarybrands.co.uk/wp-content/uploads/2024/06/IQ-fairprofit-mobile-project-details.webp]
[luminarybrands.co.uk/wp-content/uploads/2024/06/IQ-fairprofit-mobile-verrentung.webp]
[luminarybrands.co.uk/wp-content/uploads/2024/06/IQ-fairprofit-mobile-calculator.webp]
[luminarybrands.co.uk/wp-content/uploads/2024/06/IQ-fairprofit-fullscreen-2-scaled.webp]
[luminarybrands.co.uk/wp-content/uploads/2024/06/IQ-fairprofit-adaptation-scaled.webp]
[luminarybrands.co.uk/wp-content/themes/luminarybrands/js/SplitTypede81.js]
[luminarybrands.co.uk/case-studies/iq-fairprofit/index.html]
[luminarybrands.co.uk/wp-content/themes/luminarybrands/dist/main.min0269.js]
[luminarybrands.co.uk/wp-content/uploads/2024/07/Herbzen-banner-scaled.webp]
[luminarybrands.co.uk/wp-content/uploads/2024/07/Herbzen-branding-1.webp]
[luminarybrands.co.uk/wp-content/uploads/2024/07/Herbzen-branding-2.webp]
[luminarybrands.co.uk/wp-content/uploads/2024/07/Herbzen-branding-3.webp]
[luminarybrands.co.uk/wp-content/uploads/2024/07/Herbzen-customers-1.webp]
[luminarybrands.co.uk/wp-content/uploads/2024/07/Herbzen-customers-2.webp]
[luminarybrands.co.uk/wp-content/uploads/2024/07/Herbzen-customers-3.webp]
[luminarybrands.co.uk/wp-content/uploads/2024/07/Herbzen-design-fonts-1.webp]
[luminarybrands.co.uk/wp-content/uploads/2024/07/Herbzen-design-fonts-2.webp]
[luminarybrands.co.uk/wp-content/uploads/2024/07/Herbzen-photo-1.webp]
[luminarybrands.co.uk/wp-content/uploads/2024/07/Herbzen-photo-2.webp]
[luminarybrands.co.uk/wp-content/uploads/2024/07/Herbzen-photo-3.webp]
[luminarybrands.co.uk/wp-content/uploads/2024/07/Herbzen-photo-4.webp]
[luminarybrands.co.uk/wp-content/uploads/2024/07/Herbzen-photo-5.webp]
[luminarybrands.co.uk/wp-content/uploads/2024/07/Herbzen-fullscreen-2-scaled.webp]
[luminarybrands.co.uk/wp-content/uploads/2024/07/Herbzen-instagram-stories-1.webp]
[luminarybrands.co.uk/wp-content/uploads/2024/07/Herbzen-instagram-stories-2.webp]
[luminarybrands.co.uk/wp-content/uploads/2024/07/Herbzen-instagram-stories-3.webp]
[luminarybrands.co.uk/wp-content/uploads/2024/07/Herbzen-instagram-stories-4.webp]
[luminarybrands.co.uk/wp-content/uploads/2024/07/Herbzen-instagram-stories-5.webp]
[luminarybrands.co.uk/wp-content/uploads/2024/07/Herbzen-fullscreen-1-scaled.webp]
[luminarybrands.co.uk/wp-content/themes/luminarybrands/js/SplitTyped02b.js]
[luminarybrands.co.uk/case-studies/herbzen/index.html]
[luminarybrands.co.uk/wp-content/themes/luminarybrands/dist/main.min8e4a.js]
[luminarybrands.co.uk/wp-content/uploads/2024/07/Scented-Harmony-banner-scaled.webp]
[luminarybrands.co.uk/wp-content/uploads/2024/07/Scented-Harmony-branding-1.webp]
[luminarybrands.co.uk/wp-content/uploads/2024/07/Scented-Harmony-branding-2.webp]
[luminarybrands.co.uk/wp-content/uploads/2024/07/Scented-Harmony-branding-3.webp]
[luminarybrands.co.uk/wp-content/uploads/2024/07/Scented-Harmony-customers-1.webp]
[luminarybrands.co.uk/wp-content/uploads/2024/07/Scented-Harmony-customers-2.webp]
[luminarybrands.co.uk/wp-content/uploads/2024/07/Scented-Harmony-customers-3.webp]
[luminarybrands.co.uk/wp-content/uploads/2024/07/Scented-Harmony-design-fonts-1.webp]
[luminarybrands.co.uk/wp-content/uploads/2024/07/Scented-Harmony-design-fonts-2.webp]
[luminarybrands.co.uk/wp-content/uploads/2024/07/Scented-Harmony-photo-1.webp]
[luminarybrands.co.uk/wp-content/uploads/2024/07/Scented-Harmony-photo-2.webp]
[luminarybrands.co.uk/wp-content/uploads/2024/07/Scented-Harmony-photo-3.webp]
[luminarybrands.co.uk/wp-content/uploads/2024/07/Scented-Harmony-photo-4.webp]
[luminarybrands.co.uk/wp-content/uploads/2024/07/Scented-Harmony-photo-5.webp]
[luminarybrands.co.uk/wp-content/uploads/2024/07/Scented-Harmony-fullscreen-1-scaled.webp]
[luminarybrands.co.uk/wp-content/uploads/2024/07/Scented-Harmony-instagram-stories-1.webp]
[luminarybrands.co.uk/wp-content/uploads/2024/07/Scented-Harmony-instagram-stories-2.webp]
[luminarybrands.co.uk/wp-content/uploads/2024/07/Scented-Harmony-instagram-stories-3.webp]
[luminarybrands.co.uk/wp-content/uploads/2024/07/Scented-Harmony-instagram-stories-4.webp]
[luminarybrands.co.uk/wp-content/uploads/2024/07/Scented-Harmony-instagram-stories-5.webp]
[luminarybrands.co.uk/wp-content/uploads/2024/07/Scented-Harmony-fullscreen-2-scaled.webp]
[luminarybrands.co.uk/wp-content/themes/luminarybrands/js/SplitType742b.js]
[luminarybrands.co.uk/case-studies/scented-harmony/index.html]
[luminarybrands.co.uk/wp-content/themes/luminarybrands/dist/main.min0fbd.js]
[luminarybrands.co.uk/wp-content/uploads/2024/07/Wir-wirken-banner-scaled.webp]
[luminarybrands.co.uk/wp-content/uploads/2024/07/Wir-wirken-branding-1.webp]
[luminarybrands.co.uk/wp-content/uploads/2024/07/Wir-wirken-branding-2.webp]
[luminarybrands.co.uk/wp-content/uploads/2024/07/Wir-wirken-branding-3.webp]
[luminarybrands.co.uk/wp-content/uploads/2024/07/Wir-wirken-customers-1.webp]
[luminarybrands.co.uk/wp-content/uploads/2024/07/Wir-wirken-customers-2.webp]
[luminarybrands.co.uk/wp-content/uploads/2024/07/Wir-wirken-customers-3.webp]
[luminarybrands.co.uk/wp-content/uploads/2024/07/Wir-wirken-design-fonts-1.webp]
[luminarybrands.co.uk/wp-content/uploads/2024/07/Wir-wirken-design-fonts-2.webp]
[luminarybrands.co.uk/wp-content/uploads/2024/07/Wir-wirken-main-screen.webp]
[luminarybrands.co.uk/wp-content/uploads/2024/07/Wir-wirken-desktop-screen-scaled.webp]
[luminarybrands.co.uk/wp-content/uploads/2024/07/Wir-wirken-styles-1.webp]
[luminarybrands.co.uk/wp-content/uploads/2024/07/Wir-wirken-styles-2.webp]
[luminarybrands.co.uk/wp-content/uploads/2024/07/Wir-wirken-styles-3.webp]
[luminarybrands.co.uk/wp-content/uploads/2024/07/Wir-wirken-fullscreen-1-scaled.webp]
[luminarybrands.co.uk/wp-content/uploads/2024/07/Wir-wirken-mobile-screen-1.webp]
[luminarybrands.co.uk/wp-content/uploads/2024/07/Wir-wirken-mobile-screen-2.webp]
[luminarybrands.co.uk/wp-content/uploads/2024/07/Wir-wirken-mobile-screen-3.webp]
[luminarybrands.co.uk/wp-content/uploads/2024/07/Wir-wirken-mobile-screen-4.webp]
[luminarybrands.co.uk/wp-content/uploads/2024/07/Wir-wirken-mobile-screen-5.webp]
[luminarybrands.co.uk/wp-content/uploads/2024/07/Wir-wirken-fullscreen-2-scaled.webp]
[luminarybrands.co.uk/wp-content/uploads/2024/07/Wir-wirken-adaptation-scaled.webp]
[luminarybrands.co.uk/wp-content/themes/luminarybrands/js/SplitTypee36a.js]
[luminarybrands.co.uk/case-studies/wir-wirken/index.html]
[luminarybrands.co.uk/wp-content/themes/luminarybrands/dist/main.min6cfb.js]
[luminarybrands.co.uk/wp-content/uploads/2024/07/Mutausbruch-banner-scaled.webp]
[luminarybrands.co.uk/wp-content/uploads/2024/07/Mutausbruch-branding-1.webp]
[luminarybrands.co.uk/wp-content/uploads/2024/07/Mutausbruch-branding-2.webp]
[luminarybrands.co.uk/wp-content/uploads/2024/07/Mutausbruch-branding-3.webp]
[luminarybrands.co.uk/wp-content/uploads/2024/07/Mutausbruch-customers-1.webp]
[luminarybrands.co.uk/wp-content/uploads/2024/07/Mutausbruch-customers-2.webp]
[luminarybrands.co.uk/wp-content/uploads/2024/07/Mutausbruch-customers-3.webp]
[luminarybrands.co.uk/wp-content/uploads/2024/07/Mutausbruch-design-fonts-1.webp]
[luminarybrands.co.uk/wp-content/uploads/2024/07/Mutausbruch-design-fonts-2.webp]
[luminarybrands.co.uk/wp-content/uploads/2024/07/Mutausbruch-main-screen.webp]
[luminarybrands.co.uk/wp-content/uploads/2024/07/Mutausbruch-desktop-screen-scaled.webp]
[luminarybrands.co.uk/wp-content/uploads/2024/07/Mutausbruch-styles-1.webp]
[luminarybrands.co.uk/wp-content/uploads/2024/07/Mutausbruch-styles-2.webp]
[luminarybrands.co.uk/wp-content/uploads/2024/07/Mutausbruch-styles-3.webp]
[luminarybrands.co.uk/wp-content/uploads/2024/07/Mutausbruch-fullscreen-1-scaled.webp]
[luminarybrands.co.uk/wp-content/uploads/2024/07/Mutausbruch-mobile-screen-1.webp]
[luminarybrands.co.uk/wp-content/uploads/2024/07/Mutausbruch-mobile-screen-2.webp]
[luminarybrands.co.uk/wp-content/uploads/2024/07/Mutausbruch-mobile-screen-3.webp]
[luminarybrands.co.uk/wp-content/uploads/2024/07/Mutausbruch-mobile-screen-4.webp]
[luminarybrands.co.uk/wp-content/uploads/2024/07/Mutausbruch-mobile-screen-5.webp]
[luminarybrands.co.uk/wp-content/uploads/2024/07/Mutausbruch-fullscreen-2-scaled.webp]
[luminarybrands.co.uk/wp-content/uploads/2024/07/Mutausbruch-adaptation-scaled.webp]
[luminarybrands.co.uk/wp-content/themes/luminarybrands/js/SplitTypede94.js]
[luminarybrands.co.uk/case-studies/mutausbruch/index.html]
[luminarybrands.co.uk/wp-content/themes/luminarybrands/dist/main.min6f38.js]
[luminarybrands.co.uk/wp-content/uploads/2024/08/Patty-Haven-banner-scaled.webp]
[luminarybrands.co.uk/wp-content/uploads/2024/08/Patty-Haven-branding-1.webp]
[luminarybrands.co.uk/wp-content/uploads/2024/08/Patty-Haven-branding-2.webp]
[luminarybrands.co.uk/wp-content/uploads/2024/08/Patty-Haven-branding-3.webp]
[luminarybrands.co.uk/wp-content/uploads/2024/08/Patty-Haven-customers-1.webp]
[luminarybrands.co.uk/wp-content/uploads/2024/08/Patty-Haven-customers-2.webp]
[luminarybrands.co.uk/wp-content/uploads/2024/08/Patty-Haven-customers-3.webp]
[luminarybrands.co.uk/wp-content/uploads/2024/08/Patty-Haven-design-fonts-1.webp]
[luminarybrands.co.uk/wp-content/uploads/2024/08/Patty-Haven-design-fonts-2.webp]
[luminarybrands.co.uk/wp-content/uploads/2024/08/Patty-Haven-photo-1.webp]
[luminarybrands.co.uk/wp-content/uploads/2024/08/Patty-Haven-photo-2.webp]
[luminarybrands.co.uk/wp-content/uploads/2024/08/Patty-Haven-photo-3.webp]
[luminarybrands.co.uk/wp-content/uploads/2024/08/Patty-Haven-photo-4.webp]
[luminarybrands.co.uk/wp-content/uploads/2024/08/Patty-Haven-photo-5.webp]
[luminarybrands.co.uk/wp-content/uploads/2024/08/Patty-Haven-fullscreen-1-scaled.webp]
[luminarybrands.co.uk/wp-content/uploads/2024/08/Patty-Haven-stories-1.webp]
[luminarybrands.co.uk/wp-content/uploads/2024/08/Patty-Haven-stories-2.webp]
[luminarybrands.co.uk/wp-content/uploads/2024/08/Patty-Haven-stories-3.webp]
[luminarybrands.co.uk/wp-content/uploads/2024/08/Patty-Haven-stories-4.webp]
[luminarybrands.co.uk/wp-content/uploads/2024/08/Patty-Haven-stories-5.webp]
[luminarybrands.co.uk/wp-content/uploads/2024/08/Patty-Haven-fullscreen-2-scaled.webp]
[luminarybrands.co.uk/wp-content/themes/luminarybrands/js/SplitType27eb.js]
[luminarybrands.co.uk/case-studies/patty-haven/index.html]
[luminarybrands.co.uk/wp-content/themes/luminarybrands/dist/main.min25d1.js]
[luminarybrands.co.uk/wp-content/uploads/2024/06/Lamelo-banner-scaled.webp]
[luminarybrands.co.uk/wp-content/uploads/2024/06/Lamelo-branding-1.webp]
[luminarybrands.co.uk/wp-content/uploads/2024/06/Lamelo-branding-2.webp]
[luminarybrands.co.uk/wp-content/uploads/2024/06/Lamelo-branding-3.webp]
[luminarybrands.co.uk/wp-content/uploads/2024/06/Lamelo-customers-1.webp]
[luminarybrands.co.uk/wp-content/uploads/2024/06/Lamelo-customers-2.webp]
[luminarybrands.co.uk/wp-content/uploads/2024/06/Lamelo-customers-3.webp]
[luminarybrands.co.uk/wp-content/uploads/2024/06/Lamelo-design-fonts-1.webp]
[luminarybrands.co.uk/wp-content/uploads/2024/06/Lamelo-design-fonts-2.webp]
[luminarybrands.co.uk/wp-content/uploads/2024/06/Lamelo-photo-1-scaled.webp]
[luminarybrands.co.uk/wp-content/uploads/2024/06/Lamelo-photo-2-scaled.webp]
[luminarybrands.co.uk/wp-content/uploads/2024/06/Lamelo-photo-3-scaled.webp]
[luminarybrands.co.uk/wp-content/uploads/2024/06/Lamelo-photo-4-scaled.webp]
[luminarybrands.co.uk/wp-content/uploads/2024/06/Lamelo-photo-5-scaled.webp]
[luminarybrands.co.uk/wp-content/uploads/2024/06/Lamelo-fullscreen-1-scaled.webp]
[luminarybrands.co.uk/wp-content/uploads/2024/06/Lamelo-instagram-stories-1.webp]
[luminarybrands.co.uk/wp-content/uploads/2024/06/Lamelo-instagram-stories-2.webp]
[luminarybrands.co.uk/wp-content/uploads/2024/06/Lamelo-instagram-stories-3.webp]
[luminarybrands.co.uk/wp-content/uploads/2024/06/Lamelo-instagram-stories-4.webp]
[luminarybrands.co.uk/wp-content/uploads/2024/06/Lamelo-instagram-stories-5.webp]
[luminarybrands.co.uk/wp-content/uploads/2024/06/Lamelo-instagram-stories-6.webp]
[luminarybrands.co.uk/wp-content/uploads/2024/06/Lamelo-fullscreen-2-scaled.webp]
[luminarybrands.co.uk/wp-content/themes/luminarybrands/js/SplitType1aae.js]
[luminarybrands.co.uk/case-studies/lamelo/index.html]
[luminarybrands.co.uk/wp-content/themes/luminarybrands/dist/main.min04eb.js]
[luminarybrands.co.uk/wp-content/uploads/2024/06/Park-Medical-Group-banner-scaled.webp]
[luminarybrands.co.uk/wp-content/uploads/2024/06/Park-Medical-Group-branding-1.webp]
[luminarybrands.co.uk/wp-content/uploads/2024/06/Park-Medical-Group-branding-2.webp]
[luminarybrands.co.uk/wp-content/uploads/2024/06/Park-Medical-Group-branding-3.webp]
[luminarybrands.co.uk/wp-content/uploads/2024/06/Park-Medical-Group-customers-1.webp]
[luminarybrands.co.uk/wp-content/uploads/2024/06/Park-Medical-Group-customers-2.webp]
[luminarybrands.co.uk/wp-content/uploads/2024/06/Park-Medical-Group-customers-3.webp]
[luminarybrands.co.uk/wp-content/uploads/2024/06/Park-Medical-Group-design-fonts-1.webp]
[luminarybrands.co.uk/wp-content/uploads/2024/06/Park-Medical-Group-design-fonts-2.webp]
[luminarybrands.co.uk/wp-content/uploads/2024/06/Park-Medical-Group-main-screen.webp]
[luminarybrands.co.uk/wp-content/uploads/2024/06/Park-Medical-Group-desktop-screen-scaled.webp]
[luminarybrands.co.uk/wp-content/uploads/2024/06/Park-Medical-Group-styles-1.webp]
[luminarybrands.co.uk/wp-content/uploads/2024/06/Park-Medical-Group-styles-2.webp]
[luminarybrands.co.uk/wp-content/uploads/2024/06/Park-Medical-Group-styles-3.webp]
[luminarybrands.co.uk/wp-content/uploads/2024/06/Park-Medical-Group-fullscreen-1-scaled.webp]
[luminarybrands.co.uk/wp-content/uploads/2024/06/Park-Medical-Group-screen-mobile-1.webp]
[luminarybrands.co.uk/wp-content/uploads/2024/06/Park-Medical-Group-screen-mobile-2.webp]
[luminarybrands.co.uk/wp-content/uploads/2024/06/Park-Medical-Group-screen-mobile-3.webp]
[luminarybrands.co.uk/wp-content/uploads/2024/06/Park-Medical-Group-screen-mobile-4.webp]
[luminarybrands.co.uk/wp-content/uploads/2024/06/Park-Medical-Group-screen-mobile-5.webp]
[luminarybrands.co.uk/wp-content/uploads/2024/06/Park-Medical-Group-fullscreen-2-scaled.webp]
[luminarybrands.co.uk/wp-content/uploads/2024/06/Park-Medical-Group-adaptation-scaled.webp]
[luminarybrands.co.uk/wp-content/themes/luminarybrands/js/SplitType45ec.js]
[luminarybrands.co.uk/case-studies/park-medical-group/index.html]
[luminarybrands.co.uk/wp-content/themes/luminarybrands/dist/main.min6044.js]
[luminarybrands.co.uk/wp-content/uploads/2024/06/REFuture-banner-scaled.webp]
[luminarybrands.co.uk/wp-content/uploads/2024/06/REFuture-branding-1.webp]
[luminarybrands.co.uk/wp-content/uploads/2024/06/REFuture-branding-2.webp]
[luminarybrands.co.uk/wp-content/uploads/2024/06/REFuture-branding-3.webp]
[luminarybrands.co.uk/wp-content/uploads/2024/06/REFuture-customers-1.webp]
[luminarybrands.co.uk/wp-content/uploads/2024/06/REFuture-customers-2.webp]
[luminarybrands.co.uk/wp-content/uploads/2024/06/REFuture-customers-3.webp]
[luminarybrands.co.uk/wp-content/uploads/2024/06/REFuture-design-fonts-1.webp]
[luminarybrands.co.uk/wp-content/uploads/2024/06/REFuture-design-fonts-2.webp]
[luminarybrands.co.uk/wp-content/uploads/2024/06/REFuture-main-screen.webp]
[luminarybrands.co.uk/wp-content/uploads/2024/06/REFuture-screen-home.webp]
[luminarybrands.co.uk/wp-content/uploads/2024/06/REFuture-screen-my-tokens.webp]
[luminarybrands.co.uk/wp-content/uploads/2024/06/REFuture-screen-investitionsdaten.webp]
[luminarybrands.co.uk/wp-content/uploads/2024/06/REFuture-screen-transactions-history.webp]
[luminarybrands.co.uk/wp-content/uploads/2024/06/REFuture-screen-settings.webp]
[luminarybrands.co.uk/wp-content/uploads/2024/06/REFuture-styles-1.webp]
[luminarybrands.co.uk/wp-content/uploads/2024/06/REFuture-styles-2.webp]
[luminarybrands.co.uk/wp-content/uploads/2024/06/REFuture-styles-3.webp]
[luminarybrands.co.uk/wp-content/uploads/2024/06/REFuture-fullscreen-1-scaled.webp]
[luminarybrands.co.uk/wp-content/uploads/2024/06/REFuture-screen-mobile-onboarding.webp]
[luminarybrands.co.uk/wp-content/uploads/2024/06/REFuture-screen-mobile-home.webp]
[luminarybrands.co.uk/wp-content/uploads/2024/06/REFuture-screen-mobile-tokens.webp]
[luminarybrands.co.uk/wp-content/uploads/2024/06/REFuture-screen-mobile-investment.webp]
[luminarybrands.co.uk/wp-content/uploads/2024/06/REFuture-screen-mobile-token.webp]
[luminarybrands.co.uk/wp-content/uploads/2024/06/REFuture-screen-mobile-account.webp]
[luminarybrands.co.uk/wp-content/uploads/2024/06/REFuture-fullscreen-2-scaled.webp]
[luminarybrands.co.uk/wp-content/uploads/2024/06/REFuture-adaptation-scaled.webp]
[luminarybrands.co.uk/wp-content/themes/luminarybrands/js/SplitType7370.js]
[luminarybrands.co.uk/case-studies/refuture/index.html]
[luminarybrands.co.uk/wp-content/uploads/2024/05/icon-wordpress.svg]
[luminarybrands.co.uk/wp-content/uploads/2024/05/icon-WooCommerce.svg]
[luminarybrands.co.uk/wp-content/uploads/2024/05/icon-Java-Script.svg]
[luminarybrands.co.uk/wp-content/uploads/2024/05/icon-React-js.svg]
[luminarybrands.co.uk/wp-content/uploads/2024/05/icon-Vue-JS.svg]
[luminarybrands.co.uk/wp-content/uploads/2024/05/icon-Java.svg]
[luminarybrands.co.uk/wp-content/uploads/2024/05/icon-Node-JS.svg]
[luminarybrands.co.uk/wp-content/uploads/2024/05/icon-PHP.svg]
[luminarybrands.co.uk/wp-content/themes/luminarybrands/dist/main.min1fbf.js]
[luminarybrands.co.uk/wp-content/uploads/2024/11/Theodore-Yuriev.webp]
[luminarybrands.co.uk/wp-content/uploads/2024/11/Rebrand-Without-Losing-Loyal-Customers-1.webp]
[luminarybrands.co.uk/wp-content/uploads/2024/11/Rebrand-Without-Losing-Loyal-Customers-2.webp]
[luminarybrands.co.uk/wp-content/uploads/2024/11/Working-with-a-Rebranding-Agency-for-a-Smooth-Transition-1.webp]
[luminarybrands.co.uk/wp-content/uploads/2024/11/Working-with-a-Rebranding-Agency-for-a-Smooth-Transition.webp]
[luminarybrands.co.uk/wp-content/uploads/2024/11/How-to-Refresh-Your-Brand-Without-Starting-Over-1.webp]
[luminarybrands.co.uk/wp-content/uploads/2024/11/How-to-Refresh-Your-Brand-Without-Starting-Over.webp]
[luminarybrands.co.uk/wp-content/uploads/2024/11/Trending-Branding-Design-for-a-Modern-Appeal-1.webp]
[luminarybrands.co.uk/wp-content/uploads/2024/11/Trending-Branding-Design-for-a-Modern-Appeal.webp]
[luminarybrands.co.uk/wp-content/uploads/2024/11/Managing-Rebranding-to-Maintain-Customer-Loyalty-1.webp]
[luminarybrands.co.uk/wp-content/uploads/2024/11/Managing-Rebranding-to-Maintain-Customer-Loyalty.webp]
[luminarybrands.co.uk/wp-content/themes/luminarybrands/js/SplitType98ed.js]
[luminarybrands.co.uk/blog/rebrand-loyal-customers/index.html]
[luminarybrands.co.uk/wp-content/themes/luminarybrands/dist/main.minfda1.js]
[luminarybrands.co.uk/wp-content/uploads/2024/11/Create-a-Logo-That-Captures-Your-Brand-1.webp]
[luminarybrands.co.uk/wp-content/uploads/2024/11/Create-a-Logo-That-Captures-Your-Brand-2.webp]
[luminarybrands.co.uk/wp-content/uploads/2024/11/Crafting-Customers-Focused-Logo-1.webp]
[luminarybrands.co.uk/wp-content/uploads/2024/11/Crafting-Customers-Focused-Logo.webp]
[luminarybrands.co.uk/wp-content/uploads/2024/11/Designing-a-Logo-That-Converts-1.webp]
[luminarybrands.co.uk/wp-content/uploads/2024/11/Designing-a-Logo-That-Converts.webp]
[luminarybrands.co.uk/wp-content/uploads/2024/11/The-Role-of-Branding-in-Your-Logo-1.webp]
[luminarybrands.co.uk/wp-content/uploads/2024/11/The-Role-of-Branding-in-Your-Logo.webp]
[luminarybrands.co.uk/wp-content/uploads/2024/11/Create-a-Logo-That-Captures-Your-Brand-Conclusion-1.webp]
[luminarybrands.co.uk/wp-content/uploads/2024/11/Create-a-Logo-That-Captures-Your-Brand-Conclusion.webp]
[luminarybrands.co.uk/wp-content/themes/luminarybrands/js/SplitType30ba.js]
[luminarybrands.co.uk/blog/logo-design-brand/index.html]
[luminarybrands.co.uk/wp-content/themes/luminarybrands/dist/main.min517a.js]
[luminarybrands.co.uk/wp-content/uploads/2024/11/Boost-Conversions-with-User-Centric-Web-Design-1.webp]
[luminarybrands.co.uk/wp-content/uploads/2024/11/Boost-Conversions-with-User-Centric-Web-Design-1-1.webp]
[luminarybrands.co.uk/wp-content/uploads/2024/11/The-Role-of-a-Creative-Web-Design-Agency-1.webp]
[luminarybrands.co.uk/wp-content/uploads/2024/11/The-Role-of-a-Creative-Web-Design-Agency.webp]
[luminarybrands.co.uk/wp-content/uploads/2024/11/Elements-of-a-Converting-Website-Design-1.webp]
[luminarybrands.co.uk/wp-content/uploads/2024/11/Elements-of-a-Converting-Website-Design.webp]
[luminarybrands.co.uk/wp-content/uploads/2024/11/User-Oriented-Design-for-Corporate-Website-Success-1.webp]
[luminarybrands.co.uk/wp-content/uploads/2024/11/User-Oriented-Design-for-Corporate-Website-Success.webp]
[luminarybrands.co.uk/wp-content/uploads/2024/11/Creating-Engaging-Content-that-Converts-1.webp]
[luminarybrands.co.uk/wp-content/uploads/2024/11/Creating-Engaging-Content-that-Converts.webp]
[luminarybrands.co.uk/wp-content/themes/luminarybrands/js/SplitTypef7ec.js]
[luminarybrands.co.uk/blog/user-centric-design/index.html]
[luminarybrands.co.uk/wp-content/themes/luminarybrands/dist/main.min062f.js]
